* Host apisandbox.whitebooks.in:443 was resolved.
* IPv6: (none)
* IPv4: 13.205.77.118, 13.234.46.134, 3.108.111.128
*   Trying 13.205.77.118:443...
* ALPN: curl offers h2,http/1.1
* SSL connection using TLSv1.3 / TLS_AES_128_GCM_SHA256 / X25519 / RSASSA-PSS
* ALPN: server accepted h2
* Server certificate:
*  subject: CN=*.whitebooks.in
*  start date: Oct 23 03:15:50 2025 GMT
*  expire date: Nov 11 11:51:13 2026 GMT
*  issuer: C=US; ST=Arizona; L=Scottsdale; O="GoDaddy.com, Inc."; OU=http://certs.godaddy.com/repository/; CN=Go Daddy Secure Certificate Authority - G2
*  SSL certificate verify result: self-signed certificate in certificate chain (19), continuing anyway.
*   Certificate level 0: Public key type RSA (2048/112 Bits/secBits), signed using sha256WithRSAEncryption
*   Certificate level 1: Public key type RSA (2048/112 Bits/secBits), signed using sha256WithRSAEncryption
*   Certificate level 2: Public key type RSA (2048/112 Bits/secBits), signed using sha256WithRSAEncryption
* Established connection to apisandbox.whitebooks.in (13.205.77.118 port 443) from 192.168.31.22 port 55664 
* using HTTP/2
* [HTTP/2] [1] OPENED stream for https://apisandbox.whitebooks.in/ewaybillapi/v1.03/ewayapi/genewaybill?email=goldmatrixsupport%40gmail.com
* [HTTP/2] [1] [:method: POST]
* [HTTP/2] [1] [:scheme: https]
* [HTTP/2] [1] [:authority: apisandbox.whitebooks.in]
* [HTTP/2] [1] [:path: /ewaybillapi/v1.03/ewayapi/genewaybill?email=goldmatrixsupport%40gmail.com]
* [HTTP/2] [1] [content-type: application/json]
* [HTTP/2] [1] [accept: */*]
* [HTTP/2] [1] [ip_address: 103.235.104.230]
* [HTTP/2] [1] [client_id: EWBS06efa043-9c63-4638-a142-0c82de5f7687]
* [HTTP/2] [1] [client_secret: EWBScb09b008-2f56-459c-b02a-6d1caf5067b9]
* [HTTP/2] [1] [gstin: 29AAGCB1286Q000]
* [HTTP/2] [1] [content-length: 758]
> POST /ewaybillapi/v1.03/ewayapi/genewaybill?email=goldmatrixsupport%40gmail.com HTTP/2
Host: apisandbox.whitebooks.in
Content-Type: application/json
Accept: */*
ip_address: 103.235.104.230
client_id: EWBS06efa043-9c63-4638-a142-0c82de5f7687
client_secret: EWBScb09b008-2f56-459c-b02a-6d1caf5067b9
gstin: 29AAGCB1286Q000
Content-Length: 758

* upload completely sent off: 758 bytes
< HTTP/2 200 
< date: Thu, 16 Apr 2026 13:13:35 GMT
< content-type: application/json
< vary: Origin
< vary: Access-Control-Request-Method
< vary: Access-Control-Request-Headers
< 
* Connection #0 to host apisandbox.whitebooks.in:443 left intact
* Host apisandbox.whitebooks.in:443 was resolved.
* IPv6: (none)
* IPv4: 13.234.46.134, 3.108.111.128, 13.205.77.118
*   Trying 13.234.46.134:443...
* ALPN: curl offers h2,http/1.1
* SSL connection using TLSv1.3 / TLS_AES_128_GCM_SHA256 / X25519 / RSASSA-PSS
* ALPN: server accepted h2
* Server certificate:
*  subject: CN=*.whitebooks.in
*  start date: Oct 23 03:15:50 2025 GMT
*  expire date: Nov 11 11:51:13 2026 GMT
*  issuer: C=US; ST=Arizona; L=Scottsdale; O="GoDaddy.com, Inc."; OU=http://certs.godaddy.com/repository/; CN=Go Daddy Secure Certificate Authority - G2
*  SSL certificate verify result: self-signed certificate in certificate chain (19), continuing anyway.
*   Certificate level 0: Public key type RSA (2048/112 Bits/secBits), signed using sha256WithRSAEncryption
*   Certificate level 1: Public key type RSA (2048/112 Bits/secBits), signed using sha256WithRSAEncryption
*   Certificate level 2: Public key type RSA (2048/112 Bits/secBits), signed using sha256WithRSAEncryption
* Established connection to apisandbox.whitebooks.in (13.234.46.134 port 443) from 192.168.31.22 port 63250 
* using HTTP/2
* [HTTP/2] [1] OPENED stream for https://apisandbox.whitebooks.in/ewaybillapi/v1.03/ewayapi/genewaybill?email=goldmatrixsupport%40gmail.com
* [HTTP/2] [1] [:method: POST]
* [HTTP/2] [1] [:scheme: https]
* [HTTP/2] [1] [:authority: apisandbox.whitebooks.in]
* [HTTP/2] [1] [:path: /ewaybillapi/v1.03/ewayapi/genewaybill?email=goldmatrixsupport%40gmail.com]
* [HTTP/2] [1] [content-type: application/json]
* [HTTP/2] [1] [accept: */*]
* [HTTP/2] [1] [ip_address: 103.235.104.230]
* [HTTP/2] [1] [client_id: EWBS06efa043-9c63-4638-a142-0c82de5f7687]
* [HTTP/2] [1] [client_secret: EWBScb09b008-2f56-459c-b02a-6d1caf5067b9]
* [HTTP/2] [1] [gstin: 29AAGCB1286Q000]
* [HTTP/2] [1] [content-length: 758]
> POST /ewaybillapi/v1.03/ewayapi/genewaybill?email=goldmatrixsupport%40gmail.com HTTP/2
Host: apisandbox.whitebooks.in
Content-Type: application/json
Accept: */*
ip_address: 103.235.104.230
client_id: EWBS06efa043-9c63-4638-a142-0c82de5f7687
client_secret: EWBScb09b008-2f56-459c-b02a-6d1caf5067b9
gstin: 29AAGCB1286Q000
Content-Length: 758

* upload completely sent off: 758 bytes
< HTTP/2 200 
< date: Thu, 16 Apr 2026 13:56:53 GMT
< content-type: application/json
< vary: Origin
< vary: Access-Control-Request-Method
< vary: Access-Control-Request-Headers
< 
* Connection #0 to host apisandbox.whitebooks.in:443 left intact
* Host apisandbox.whitebooks.in:443 was resolved.
* IPv6: (none)
* IPv4: 35.154.103.152, 3.108.213.30, 3.108.111.128
*   Trying 35.154.103.152:443...
* ALPN: curl offers h2,http/1.1
* SSL connection using TLSv1.3 / TLS_AES_128_GCM_SHA256 / X25519 / RSASSA-PSS
* ALPN: server accepted h2
* Server certificate:
*  subject: CN=*.whitebooks.in
*  start date: Oct 23 03:15:50 2025 GMT
*  expire date: Nov 11 11:51:13 2026 GMT
*  issuer: C=US; ST=Arizona; L=Scottsdale; O="GoDaddy.com, Inc."; OU=http://certs.godaddy.com/repository/; CN=Go Daddy Secure Certificate Authority - G2
*  SSL certificate verify result: self-signed certificate in certificate chain (19), continuing anyway.
*   Certificate level 0: Public key type RSA (2048/112 Bits/secBits), signed using sha256WithRSAEncryption
*   Certificate level 1: Public key type RSA (2048/112 Bits/secBits), signed using sha256WithRSAEncryption
*   Certificate level 2: Public key type RSA (2048/112 Bits/secBits), signed using sha256WithRSAEncryption
* Established connection to apisandbox.whitebooks.in (35.154.103.152 port 443) from 192.168.31.22 port 53584 
* using HTTP/2
* [HTTP/2] [1] OPENED stream for https://apisandbox.whitebooks.in/ewaybillapi/v1.03/ewayapi/genewaybill?email=goldmatrixsupport%40gmail.com
* [HTTP/2] [1] [:method: POST]
* [HTTP/2] [1] [:scheme: https]
* [HTTP/2] [1] [:authority: apisandbox.whitebooks.in]
* [HTTP/2] [1] [:path: /ewaybillapi/v1.03/ewayapi/genewaybill?email=goldmatrixsupport%40gmail.com]
* [HTTP/2] [1] [content-type: application/json]
* [HTTP/2] [1] [accept: */*]
* [HTTP/2] [1] [ip_address: 103.235.104.230]
* [HTTP/2] [1] [client_id: EWBS06efa043-9c63-4638-a142-0c82de5f7687]
* [HTTP/2] [1] [client_secret: EWBScb09b008-2f56-459c-b02a-6d1caf5067b9]
* [HTTP/2] [1] [gstin: 29AAGCB1286Q000]
* [HTTP/2] [1] [content-length: 867]
> POST /ewaybillapi/v1.03/ewayapi/genewaybill?email=goldmatrixsupport%40gmail.com HTTP/2
Host: apisandbox.whitebooks.in
Content-Type: application/json
Accept: */*
ip_address: 103.235.104.230
client_id: EWBS06efa043-9c63-4638-a142-0c82de5f7687
client_secret: EWBScb09b008-2f56-459c-b02a-6d1caf5067b9
gstin: 29AAGCB1286Q000
Content-Length: 867

* upload completely sent off: 867 bytes
< HTTP/2 200 
< date: Mon, 27 Apr 2026 13:19:39 GMT
< content-type: application/json
< vary: Origin
< vary: Access-Control-Request-Method
< vary: Access-Control-Request-Headers
< 
* Connection #0 to host apisandbox.whitebooks.in:443 left intact
* Host apisandbox.whitebooks.in:443 was resolved.
* IPv6: (none)
* IPv4: 3.108.111.128, 35.154.103.152, 3.108.213.30
*   Trying 3.108.111.128:443...
* ALPN: curl offers h2,http/1.1
* SSL connection using TLSv1.3 / TLS_AES_128_GCM_SHA256 / X25519 / RSASSA-PSS
* ALPN: server accepted h2
* Server certificate:
*  subject: CN=*.whitebooks.in
*  start date: Oct 23 03:15:50 2025 GMT
*  expire date: Nov 11 11:51:13 2026 GMT
*  issuer: C=US; ST=Arizona; L=Scottsdale; O="GoDaddy.com, Inc."; OU=http://certs.godaddy.com/repository/; CN=Go Daddy Secure Certificate Authority - G2
*  SSL certificate verify result: self-signed certificate in certificate chain (19), continuing anyway.
*   Certificate level 0: Public key type RSA (2048/112 Bits/secBits), signed using sha256WithRSAEncryption
*   Certificate level 1: Public key type RSA (2048/112 Bits/secBits), signed using sha256WithRSAEncryption
*   Certificate level 2: Public key type RSA (2048/112 Bits/secBits), signed using sha256WithRSAEncryption
* Established connection to apisandbox.whitebooks.in (3.108.111.128 port 443) from 192.168.31.22 port 62708 
* using HTTP/2
* [HTTP/2] [1] OPENED stream for https://apisandbox.whitebooks.in/ewaybillapi/v1.03/ewayapi/genewaybill?email=goldmatrixsupport%40gmail.com
* [HTTP/2] [1] [:method: POST]
* [HTTP/2] [1] [:scheme: https]
* [HTTP/2] [1] [:authority: apisandbox.whitebooks.in]
* [HTTP/2] [1] [:path: /ewaybillapi/v1.03/ewayapi/genewaybill?email=goldmatrixsupport%40gmail.com]
* [HTTP/2] [1] [content-type: application/json]
* [HTTP/2] [1] [accept: */*]
* [HTTP/2] [1] [ip_address: 103.235.104.230]
* [HTTP/2] [1] [client_id: EWBS06efa043-9c63-4638-a142-0c82de5f7687]
* [HTTP/2] [1] [client_secret: EWBScb09b008-2f56-459c-b02a-6d1caf5067b9]
* [HTTP/2] [1] [gstin: 29AAGCB1286Q000]
* [HTTP/2] [1] [content-length: 889]
> POST /ewaybillapi/v1.03/ewayapi/genewaybill?email=goldmatrixsupport%40gmail.com HTTP/2
Host: apisandbox.whitebooks.in
Content-Type: application/json
Accept: */*
ip_address: 103.235.104.230
client_id: EWBS06efa043-9c63-4638-a142-0c82de5f7687
client_secret: EWBScb09b008-2f56-459c-b02a-6d1caf5067b9
gstin: 29AAGCB1286Q000
Content-Length: 889

* upload completely sent off: 889 bytes
< HTTP/2 200 
< date: Mon, 27 Apr 2026 13:21:34 GMT
< content-type: application/json
< vary: Origin
< vary: Access-Control-Request-Method
< vary: Access-Control-Request-Headers
< 
* Connection #0 to host apisandbox.whitebooks.in:443 left intact
* Host apisandbox.whitebooks.in:443 was resolved.
* IPv6: (none)
* IPv4: 3.108.213.30, 3.108.111.128, 35.154.103.152
*   Trying 3.108.213.30:443...
* ALPN: curl offers h2,http/1.1
* SSL connection using TLSv1.3 / TLS_AES_128_GCM_SHA256 / X25519 / RSASSA-PSS
* ALPN: server accepted h2
* Server certificate:
*  subject: CN=*.whitebooks.in
*  start date: Oct 23 03:15:50 2025 GMT
*  expire date: Nov 11 11:51:13 2026 GMT
*  issuer: C=US; ST=Arizona; L=Scottsdale; O="GoDaddy.com, Inc."; OU=http://certs.godaddy.com/repository/; CN=Go Daddy Secure Certificate Authority - G2
*  SSL certificate verify result: self-signed certificate in certificate chain (19), continuing anyway.
*   Certificate level 0: Public key type RSA (2048/112 Bits/secBits), signed using sha256WithRSAEncryption
*   Certificate level 1: Public key type RSA (2048/112 Bits/secBits), signed using sha256WithRSAEncryption
*   Certificate level 2: Public key type RSA (2048/112 Bits/secBits), signed using sha256WithRSAEncryption
* Established connection to apisandbox.whitebooks.in (3.108.213.30 port 443) from 192.168.31.22 port 57844 
* using HTTP/2
* [HTTP/2] [1] OPENED stream for https://apisandbox.whitebooks.in/ewaybillapi/v1.03/ewayapi/genewaybill?email=goldmatrixsupport%40gmail.com
* [HTTP/2] [1] [:method: POST]
* [HTTP/2] [1] [:scheme: https]
* [HTTP/2] [1] [:authority: apisandbox.whitebooks.in]
* [HTTP/2] [1] [:path: /ewaybillapi/v1.03/ewayapi/genewaybill?email=goldmatrixsupport%40gmail.com]
* [HTTP/2] [1] [content-type: application/json]
* [HTTP/2] [1] [accept: */*]
* [HTTP/2] [1] [ip_address: 103.235.104.230]
* [HTTP/2] [1] [client_id: EWBS06efa043-9c63-4638-a142-0c82de5f7687]
* [HTTP/2] [1] [client_secret: EWBScb09b008-2f56-459c-b02a-6d1caf5067b9]
* [HTTP/2] [1] [gstin: 29AAGCB1286Q000]
* [HTTP/2] [1] [content-length: 889]
> POST /ewaybillapi/v1.03/ewayapi/genewaybill?email=goldmatrixsupport%40gmail.com HTTP/2
Host: apisandbox.whitebooks.in
Content-Type: application/json
Accept: */*
ip_address: 103.235.104.230
client_id: EWBS06efa043-9c63-4638-a142-0c82de5f7687
client_secret: EWBScb09b008-2f56-459c-b02a-6d1caf5067b9
gstin: 29AAGCB1286Q000
Content-Length: 889

* upload completely sent off: 889 bytes
< HTTP/2 200 
< date: Mon, 27 Apr 2026 13:30:43 GMT
< content-type: application/json
< vary: Origin
< vary: Access-Control-Request-Method
< vary: Access-Control-Request-Headers
< 
* Connection #0 to host apisandbox.whitebooks.in:443 left intact
* Host apisandbox.whitebooks.in:443 was resolved.
* IPv6: (none)
* IPv4: 3.108.213.30, 35.154.103.152, 3.108.111.128
*   Trying 3.108.213.30:443...
* ALPN: curl offers h2,http/1.1
* SSL connection using TLSv1.3 / TLS_AES_128_GCM_SHA256 / X25519 / RSASSA-PSS
* ALPN: server accepted h2
* Server certificate:
*  subject: CN=*.whitebooks.in
*  start date: Oct 23 03:15:50 2025 GMT
*  expire date: Nov 11 11:51:13 2026 GMT
*  issuer: C=US; ST=Arizona; L=Scottsdale; O="GoDaddy.com, Inc."; OU=http://certs.godaddy.com/repository/; CN=Go Daddy Secure Certificate Authority - G2
*  SSL certificate verify result: self-signed certificate in certificate chain (19), continuing anyway.
*   Certificate level 0: Public key type RSA (2048/112 Bits/secBits), signed using sha256WithRSAEncryption
*   Certificate level 1: Public key type RSA (2048/112 Bits/secBits), signed using sha256WithRSAEncryption
*   Certificate level 2: Public key type RSA (2048/112 Bits/secBits), signed using sha256WithRSAEncryption
* Established connection to apisandbox.whitebooks.in (3.108.213.30 port 443) from 192.168.31.22 port 64925 
* using HTTP/2
* [HTTP/2] [1] OPENED stream for https://apisandbox.whitebooks.in/ewaybillapi/v1.03/ewayapi/genewaybill?email=goldmatrixsupport%40gmail.com
* [HTTP/2] [1] [:method: POST]
* [HTTP/2] [1] [:scheme: https]
* [HTTP/2] [1] [:authority: apisandbox.whitebooks.in]
* [HTTP/2] [1] [:path: /ewaybillapi/v1.03/ewayapi/genewaybill?email=goldmatrixsupport%40gmail.com]
* [HTTP/2] [1] [content-type: application/json]
* [HTTP/2] [1] [accept: */*]
* [HTTP/2] [1] [ip_address: 103.235.104.230]
* [HTTP/2] [1] [client_id: EWBS06efa043-9c63-4638-a142-0c82de5f7687]
* [HTTP/2] [1] [client_secret: EWBScb09b008-2f56-459c-b02a-6d1caf5067b9]
* [HTTP/2] [1] [gstin: 29AAGCB1286Q000]
* [HTTP/2] [1] [content-length: 891]
> POST /ewaybillapi/v1.03/ewayapi/genewaybill?email=goldmatrixsupport%40gmail.com HTTP/2
Host: apisandbox.whitebooks.in
Content-Type: application/json
Accept: */*
ip_address: 103.235.104.230
client_id: EWBS06efa043-9c63-4638-a142-0c82de5f7687
client_secret: EWBScb09b008-2f56-459c-b02a-6d1caf5067b9
gstin: 29AAGCB1286Q000
Content-Length: 891

* upload completely sent off: 891 bytes
< HTTP/2 200 
< date: Mon, 27 Apr 2026 13:32:19 GMT
< content-type: application/json
< vary: Origin
< vary: Access-Control-Request-Method
< vary: Access-Control-Request-Headers
< 
* Connection #0 to host apisandbox.whitebooks.in:443 left intact
* Host apisandbox.whitebooks.in:443 was resolved.
* IPv6: (none)
* IPv4: 3.108.111.128, 3.108.213.30, 35.154.103.152
*   Trying 3.108.111.128:443...
* ALPN: curl offers h2,http/1.1
* SSL connection using TLSv1.3 / TLS_AES_128_GCM_SHA256 / X25519 / RSASSA-PSS
* ALPN: server accepted h2
* Server certificate:
*  subject: CN=*.whitebooks.in
*  start date: Oct 23 03:15:50 2025 GMT
*  expire date: Nov 11 11:51:13 2026 GMT
*  issuer: C=US; ST=Arizona; L=Scottsdale; O="GoDaddy.com, Inc."; OU=http://certs.godaddy.com/repository/; CN=Go Daddy Secure Certificate Authority - G2
*  SSL certificate verify result: self-signed certificate in certificate chain (19), continuing anyway.
*   Certificate level 0: Public key type RSA (2048/112 Bits/secBits), signed using sha256WithRSAEncryption
*   Certificate level 1: Public key type RSA (2048/112 Bits/secBits), signed using sha256WithRSAEncryption
*   Certificate level 2: Public key type RSA (2048/112 Bits/secBits), signed using sha256WithRSAEncryption
* Established connection to apisandbox.whitebooks.in (3.108.111.128 port 443) from 192.168.31.22 port 63574 
* using HTTP/2
* [HTTP/2] [1] OPENED stream for https://apisandbox.whitebooks.in/ewaybillapi/v1.03/ewayapi/genewaybill?email=goldmatrixsupport%40gmail.com
* [HTTP/2] [1] [:method: POST]
* [HTTP/2] [1] [:scheme: https]
* [HTTP/2] [1] [:authority: apisandbox.whitebooks.in]
* [HTTP/2] [1] [:path: /ewaybillapi/v1.03/ewayapi/genewaybill?email=goldmatrixsupport%40gmail.com]
* [HTTP/2] [1] [content-type: application/json]
* [HTTP/2] [1] [accept: */*]
* [HTTP/2] [1] [ip_address: 103.235.104.230]
* [HTTP/2] [1] [client_id: EWBS06efa043-9c63-4638-a142-0c82de5f7687]
* [HTTP/2] [1] [client_secret: EWBScb09b008-2f56-459c-b02a-6d1caf5067b9]
* [HTTP/2] [1] [gstin: 29AAGCB1286Q000]
* [HTTP/2] [1] [content-length: 889]
> POST /ewaybillapi/v1.03/ewayapi/genewaybill?email=goldmatrixsupport%40gmail.com HTTP/2
Host: apisandbox.whitebooks.in
Content-Type: application/json
Accept: */*
ip_address: 103.235.104.230
client_id: EWBS06efa043-9c63-4638-a142-0c82de5f7687
client_secret: EWBScb09b008-2f56-459c-b02a-6d1caf5067b9
gstin: 29AAGCB1286Q000
Content-Length: 889

* upload completely sent off: 889 bytes
< HTTP/2 200 
< date: Mon, 27 Apr 2026 13:36:55 GMT
< content-type: application/json
< vary: Origin
< vary: Access-Control-Request-Method
< vary: Access-Control-Request-Headers
< 
* Connection #0 to host apisandbox.whitebooks.in:443 left intact
* Host apisandbox.whitebooks.in:443 was resolved.
* IPv6: (none)
* IPv4: 35.154.103.152, 3.108.213.30, 3.108.111.128
*   Trying 35.154.103.152:443...
* ALPN: curl offers h2,http/1.1
* SSL connection using TLSv1.3 / TLS_AES_128_GCM_SHA256 / X25519 / RSASSA-PSS
* ALPN: server accepted h2
* Server certificate:
*  subject: CN=*.whitebooks.in
*  start date: Oct 23 03:15:50 2025 GMT
*  expire date: Nov 11 11:51:13 2026 GMT
*  issuer: C=US; ST=Arizona; L=Scottsdale; O="GoDaddy.com, Inc."; OU=http://certs.godaddy.com/repository/; CN=Go Daddy Secure Certificate Authority - G2
*  SSL certificate verify result: self-signed certificate in certificate chain (19), continuing anyway.
*   Certificate level 0: Public key type RSA (2048/112 Bits/secBits), signed using sha256WithRSAEncryption
*   Certificate level 1: Public key type RSA (2048/112 Bits/secBits), signed using sha256WithRSAEncryption
*   Certificate level 2: Public key type RSA (2048/112 Bits/secBits), signed using sha256WithRSAEncryption
* Established connection to apisandbox.whitebooks.in (35.154.103.152 port 443) from 192.168.31.22 port 60272 
* using HTTP/2
* [HTTP/2] [1] OPENED stream for https://apisandbox.whitebooks.in/ewaybillapi/v1.03/ewayapi/genewaybill?email=goldmatrixsupport%40gmail.com
* [HTTP/2] [1] [:method: POST]
* [HTTP/2] [1] [:scheme: https]
* [HTTP/2] [1] [:authority: apisandbox.whitebooks.in]
* [HTTP/2] [1] [:path: /ewaybillapi/v1.03/ewayapi/genewaybill?email=goldmatrixsupport%40gmail.com]
* [HTTP/2] [1] [content-type: application/json]
* [HTTP/2] [1] [accept: */*]
* [HTTP/2] [1] [ip_address: 103.235.104.230]
* [HTTP/2] [1] [client_id: EWBS06efa043-9c63-4638-a142-0c82de5f7687]
* [HTTP/2] [1] [client_secret: EWBScb09b008-2f56-459c-b02a-6d1caf5067b9]
* [HTTP/2] [1] [gstin: 29AAGCB1286Q000]
* [HTTP/2] [1] [content-length: 889]
> POST /ewaybillapi/v1.03/ewayapi/genewaybill?email=goldmatrixsupport%40gmail.com HTTP/2
Host: apisandbox.whitebooks.in
Content-Type: application/json
Accept: */*
ip_address: 103.235.104.230
client_id: EWBS06efa043-9c63-4638-a142-0c82de5f7687
client_secret: EWBScb09b008-2f56-459c-b02a-6d1caf5067b9
gstin: 29AAGCB1286Q000
Content-Length: 889

* upload completely sent off: 889 bytes
< HTTP/2 200 
< date: Mon, 27 Apr 2026 13:48:21 GMT
< content-type: application/json
< vary: Origin
< vary: Access-Control-Request-Method
< vary: Access-Control-Request-Headers
< 
* Connection #0 to host apisandbox.whitebooks.in:443 left intact
* Host apisandbox.whitebooks.in:443 was resolved.
* IPv6: (none)
* IPv4: 35.154.103.152, 3.108.213.30, 3.108.111.128
*   Trying 35.154.103.152:443...
* ALPN: curl offers h2,http/1.1
* SSL connection using TLSv1.3 / TLS_AES_128_GCM_SHA256 / X25519 / RSASSA-PSS
* ALPN: server accepted h2
* Server certificate:
*  subject: CN=*.whitebooks.in
*  start date: Oct 23 03:15:50 2025 GMT
*  expire date: Nov 11 11:51:13 2026 GMT
*  issuer: C=US; ST=Arizona; L=Scottsdale; O="GoDaddy.com, Inc."; OU=http://certs.godaddy.com/repository/; CN=Go Daddy Secure Certificate Authority - G2
*  SSL certificate verify result: self-signed certificate in certificate chain (19), continuing anyway.
*   Certificate level 0: Public key type RSA (2048/112 Bits/secBits), signed using sha256WithRSAEncryption
*   Certificate level 1: Public key type RSA (2048/112 Bits/secBits), signed using sha256WithRSAEncryption
*   Certificate level 2: Public key type RSA (2048/112 Bits/secBits), signed using sha256WithRSAEncryption
* Established connection to apisandbox.whitebooks.in (35.154.103.152 port 443) from 192.168.31.22 port 53419 
* using HTTP/2
* [HTTP/2] [1] OPENED stream for https://apisandbox.whitebooks.in/ewaybillapi/v1.03/ewayapi/genewaybill?email=goldmatrixsupport%40gmail.com
* [HTTP/2] [1] [:method: POST]
* [HTTP/2] [1] [:scheme: https]
* [HTTP/2] [1] [:authority: apisandbox.whitebooks.in]
* [HTTP/2] [1] [:path: /ewaybillapi/v1.03/ewayapi/genewaybill?email=goldmatrixsupport%40gmail.com]
* [HTTP/2] [1] [content-type: application/json]
* [HTTP/2] [1] [accept: */*]
* [HTTP/2] [1] [ip_address: 103.235.104.230]
* [HTTP/2] [1] [client_id: EWBS06efa043-9c63-4638-a142-0c82de5f7687]
* [HTTP/2] [1] [client_secret: EWBScb09b008-2f56-459c-b02a-6d1caf5067b9]
* [HTTP/2] [1] [gstin: 29AAGCB1286Q000]
* [HTTP/2] [1] [content-length: 889]
> POST /ewaybillapi/v1.03/ewayapi/genewaybill?email=goldmatrixsupport%40gmail.com HTTP/2
Host: apisandbox.whitebooks.in
Content-Type: application/json
Accept: */*
ip_address: 103.235.104.230
client_id: EWBS06efa043-9c63-4638-a142-0c82de5f7687
client_secret: EWBScb09b008-2f56-459c-b02a-6d1caf5067b9
gstin: 29AAGCB1286Q000
Content-Length: 889

* upload completely sent off: 889 bytes
< HTTP/2 200 
< date: Mon, 27 Apr 2026 14:02:22 GMT
< content-type: application/json
< vary: Origin
< vary: Access-Control-Request-Method
< vary: Access-Control-Request-Headers
< 
* Connection #0 to host apisandbox.whitebooks.in:443 left intact
* Host apisandbox.whitebooks.in:443 was resolved.
* IPv6: (none)
* IPv4: 35.154.103.152, 3.108.213.30, 3.108.111.128
*   Trying 35.154.103.152:443...
* ALPN: curl offers h2,http/1.1
* SSL connection using TLSv1.3 / TLS_AES_128_GCM_SHA256 / X25519 / RSASSA-PSS
* ALPN: server accepted h2
* Server certificate:
*  subject: CN=*.whitebooks.in
*  start date: Oct 23 03:15:50 2025 GMT
*  expire date: Nov 11 11:51:13 2026 GMT
*  issuer: C=US; ST=Arizona; L=Scottsdale; O="GoDaddy.com, Inc."; OU=http://certs.godaddy.com/repository/; CN=Go Daddy Secure Certificate Authority - G2
*  SSL certificate verify result: self-signed certificate in certificate chain (19), continuing anyway.
*   Certificate level 0: Public key type RSA (2048/112 Bits/secBits), signed using sha256WithRSAEncryption
*   Certificate level 1: Public key type RSA (2048/112 Bits/secBits), signed using sha256WithRSAEncryption
*   Certificate level 2: Public key type RSA (2048/112 Bits/secBits), signed using sha256WithRSAEncryption
* Established connection to apisandbox.whitebooks.in (35.154.103.152 port 443) from 192.168.31.22 port 54634 
* using HTTP/2
* [HTTP/2] [1] OPENED stream for https://apisandbox.whitebooks.in/ewaybillapi/v1.03/ewayapi/genewaybill?email=goldmatrixsupport%40gmail.com
* [HTTP/2] [1] [:method: POST]
* [HTTP/2] [1] [:scheme: https]
* [HTTP/2] [1] [:authority: apisandbox.whitebooks.in]
* [HTTP/2] [1] [:path: /ewaybillapi/v1.03/ewayapi/genewaybill?email=goldmatrixsupport%40gmail.com]
* [HTTP/2] [1] [content-type: application/json]
* [HTTP/2] [1] [accept: */*]
* [HTTP/2] [1] [ip_address: 103.235.104.230]
* [HTTP/2] [1] [client_id: EWBS06efa043-9c63-4638-a142-0c82de5f7687]
* [HTTP/2] [1] [client_secret: EWBScb09b008-2f56-459c-b02a-6d1caf5067b9]
* [HTTP/2] [1] [gstin: 29AAGCB1286Q000]
* [HTTP/2] [1] [content-length: 883]
> POST /ewaybillapi/v1.03/ewayapi/genewaybill?email=goldmatrixsupport%40gmail.com HTTP/2
Host: apisandbox.whitebooks.in
Content-Type: application/json
Accept: */*
ip_address: 103.235.104.230
client_id: EWBS06efa043-9c63-4638-a142-0c82de5f7687
client_secret: EWBScb09b008-2f56-459c-b02a-6d1caf5067b9
gstin: 29AAGCB1286Q000
Content-Length: 883

* upload completely sent off: 883 bytes
< HTTP/2 200 
< date: Mon, 27 Apr 2026 14:06:55 GMT
< content-type: application/json
< vary: Origin
< vary: Access-Control-Request-Method
< vary: Access-Control-Request-Headers
< 
* Connection #0 to host apisandbox.whitebooks.in:443 left intact
* Host apisandbox.whitebooks.in:443 was resolved.
* IPv6: (none)
* IPv4: 35.154.103.152, 3.108.213.30, 3.108.111.128
*   Trying 35.154.103.152:443...
* ALPN: curl offers h2,http/1.1
* SSL connection using TLSv1.3 / TLS_AES_128_GCM_SHA256 / X25519 / RSASSA-PSS
* ALPN: server accepted h2
* Server certificate:
*  subject: CN=*.whitebooks.in
*  start date: Oct 23 03:15:50 2025 GMT
*  expire date: Nov 11 11:51:13 2026 GMT
*  issuer: C=US; ST=Arizona; L=Scottsdale; O="GoDaddy.com, Inc."; OU=http://certs.godaddy.com/repository/; CN=Go Daddy Secure Certificate Authority - G2
*  SSL certificate verify result: self-signed certificate in certificate chain (19), continuing anyway.
*   Certificate level 0: Public key type RSA (2048/112 Bits/secBits), signed using sha256WithRSAEncryption
*   Certificate level 1: Public key type RSA (2048/112 Bits/secBits), signed using sha256WithRSAEncryption
*   Certificate level 2: Public key type RSA (2048/112 Bits/secBits), signed using sha256WithRSAEncryption
* Established connection to apisandbox.whitebooks.in (35.154.103.152 port 443) from 192.168.31.22 port 57408 
* using HTTP/2
* [HTTP/2] [1] OPENED stream for https://apisandbox.whitebooks.in/ewaybillapi/v1.03/ewayapi/genewaybill?email=goldmatrixsupport%40gmail.com
* [HTTP/2] [1] [:method: POST]
* [HTTP/2] [1] [:scheme: https]
* [HTTP/2] [1] [:authority: apisandbox.whitebooks.in]
* [HTTP/2] [1] [:path: /ewaybillapi/v1.03/ewayapi/genewaybill?email=goldmatrixsupport%40gmail.com]
* [HTTP/2] [1] [content-type: application/json]
* [HTTP/2] [1] [accept: */*]
* [HTTP/2] [1] [ip_address: 103.235.104.230]
* [HTTP/2] [1] [client_id: EWBS06efa043-9c63-4638-a142-0c82de5f7687]
* [HTTP/2] [1] [client_secret: EWBScb09b008-2f56-459c-b02a-6d1caf5067b9]
* [HTTP/2] [1] [gstin: 29AAGCB1286Q000]
* [HTTP/2] [1] [content-length: 883]
> POST /ewaybillapi/v1.03/ewayapi/genewaybill?email=goldmatrixsupport%40gmail.com HTTP/2
Host: apisandbox.whitebooks.in
Content-Type: application/json
Accept: */*
ip_address: 103.235.104.230
client_id: EWBS06efa043-9c63-4638-a142-0c82de5f7687
client_secret: EWBScb09b008-2f56-459c-b02a-6d1caf5067b9
gstin: 29AAGCB1286Q000
Content-Length: 883

* upload completely sent off: 883 bytes
< HTTP/2 200 
< date: Mon, 27 Apr 2026 14:09:39 GMT
< content-type: application/json
< vary: Origin
< vary: Access-Control-Request-Method
< vary: Access-Control-Request-Headers
< 
* Connection #0 to host apisandbox.whitebooks.in:443 left intact
* Host apisandbox.whitebooks.in:443 was resolved.
* IPv6: (none)
* IPv4: 35.154.103.152, 3.108.111.128, 3.108.213.30
*   Trying 35.154.103.152:443...
* ALPN: curl offers h2,http/1.1
* SSL connection using TLSv1.3 / TLS_AES_128_GCM_SHA256 / X25519 / RSASSA-PSS
* ALPN: server accepted h2
* Server certificate:
*  subject: CN=*.whitebooks.in
*  start date: Oct 23 03:15:50 2025 GMT
*  expire date: Nov 11 11:51:13 2026 GMT
*  issuer: C=US; ST=Arizona; L=Scottsdale; O="GoDaddy.com, Inc."; OU=http://certs.godaddy.com/repository/; CN=Go Daddy Secure Certificate Authority - G2
*  SSL certificate verify result: self-signed certificate in certificate chain (19), continuing anyway.
*   Certificate level 0: Public key type RSA (2048/112 Bits/secBits), signed using sha256WithRSAEncryption
*   Certificate level 1: Public key type RSA (2048/112 Bits/secBits), signed using sha256WithRSAEncryption
*   Certificate level 2: Public key type RSA (2048/112 Bits/secBits), signed using sha256WithRSAEncryption
* Established connection to apisandbox.whitebooks.in (35.154.103.152 port 443) from 172.31.193.1 port 62072 
* using HTTP/2
* [HTTP/2] [1] OPENED stream for https://apisandbox.whitebooks.in/ewaybillapi/v1.03/ewayapi/genewaybill?email=goldmatrixsupport%40gmail.com
* [HTTP/2] [1] [:method: POST]
* [HTTP/2] [1] [:scheme: https]
* [HTTP/2] [1] [:authority: apisandbox.whitebooks.in]
* [HTTP/2] [1] [:path: /ewaybillapi/v1.03/ewayapi/genewaybill?email=goldmatrixsupport%40gmail.com]
* [HTTP/2] [1] [content-type: application/json]
* [HTTP/2] [1] [accept: */*]
* [HTTP/2] [1] [ip_address: 103.235.104.230]
* [HTTP/2] [1] [client_id: EWBS06efa043-9c63-4638-a142-0c82de5f7687]
* [HTTP/2] [1] [client_secret: EWBScb09b008-2f56-459c-b02a-6d1caf5067b9]
* [HTTP/2] [1] [gstin: 29AAGCB1286Q000]
* [HTTP/2] [1] [content-length: 877]
> POST /ewaybillapi/v1.03/ewayapi/genewaybill?email=goldmatrixsupport%40gmail.com HTTP/2
Host: apisandbox.whitebooks.in
Content-Type: application/json
Accept: */*
ip_address: 103.235.104.230
client_id: EWBS06efa043-9c63-4638-a142-0c82de5f7687
client_secret: EWBScb09b008-2f56-459c-b02a-6d1caf5067b9
gstin: 29AAGCB1286Q000
Content-Length: 877

* upload completely sent off: 877 bytes
< HTTP/2 200 
< date: Tue, 28 Apr 2026 08:50:48 GMT
< content-type: application/json
< vary: Origin
< vary: Access-Control-Request-Method
< vary: Access-Control-Request-Headers
< 
* Connection #0 to host apisandbox.whitebooks.in:443 left intact
* Host apisandbox.whitebooks.in:443 was resolved.
* IPv6: (none)
* IPv4: 35.154.103.152, 3.108.111.128, 3.108.213.30
*   Trying 35.154.103.152:443...
* ALPN: curl offers h2,http/1.1
* SSL connection using TLSv1.3 / TLS_AES_128_GCM_SHA256 / X25519 / RSASSA-PSS
* ALPN: server accepted h2
* Server certificate:
*  subject: CN=*.whitebooks.in
*  start date: Oct 23 03:15:50 2025 GMT
*  expire date: Nov 11 11:51:13 2026 GMT
*  issuer: C=US; ST=Arizona; L=Scottsdale; O="GoDaddy.com, Inc."; OU=http://certs.godaddy.com/repository/; CN=Go Daddy Secure Certificate Authority - G2
*  SSL certificate verify result: self-signed certificate in certificate chain (19), continuing anyway.
*   Certificate level 0: Public key type RSA (2048/112 Bits/secBits), signed using sha256WithRSAEncryption
*   Certificate level 1: Public key type RSA (2048/112 Bits/secBits), signed using sha256WithRSAEncryption
*   Certificate level 2: Public key type RSA (2048/112 Bits/secBits), signed using sha256WithRSAEncryption
* Established connection to apisandbox.whitebooks.in (35.154.103.152 port 443) from 172.31.193.1 port 49262 
* using HTTP/2
* [HTTP/2] [1] OPENED stream for https://apisandbox.whitebooks.in/ewaybillapi/v1.03/ewayapi/genewaybill?email=goldmatrixsupport%40gmail.com
* [HTTP/2] [1] [:method: POST]
* [HTTP/2] [1] [:scheme: https]
* [HTTP/2] [1] [:authority: apisandbox.whitebooks.in]
* [HTTP/2] [1] [:path: /ewaybillapi/v1.03/ewayapi/genewaybill?email=goldmatrixsupport%40gmail.com]
* [HTTP/2] [1] [content-type: application/json]
* [HTTP/2] [1] [accept: */*]
* [HTTP/2] [1] [ip_address: 103.235.104.230]
* [HTTP/2] [1] [client_id: EWBS06efa043-9c63-4638-a142-0c82de5f7687]
* [HTTP/2] [1] [client_secret: EWBScb09b008-2f56-459c-b02a-6d1caf5067b9]
* [HTTP/2] [1] [gstin: 29AAGCB1286Q000]
* [HTTP/2] [1] [content-length: 877]
> POST /ewaybillapi/v1.03/ewayapi/genewaybill?email=goldmatrixsupport%40gmail.com HTTP/2
Host: apisandbox.whitebooks.in
Content-Type: application/json
Accept: */*
ip_address: 103.235.104.230
client_id: EWBS06efa043-9c63-4638-a142-0c82de5f7687
client_secret: EWBScb09b008-2f56-459c-b02a-6d1caf5067b9
gstin: 29AAGCB1286Q000
Content-Length: 877

* upload completely sent off: 877 bytes
< HTTP/2 200 
< date: Tue, 28 Apr 2026 08:50:52 GMT
< content-type: application/json
< vary: Origin
< vary: Access-Control-Request-Method
< vary: Access-Control-Request-Headers
< 
* Connection #0 to host apisandbox.whitebooks.in:443 left intact
* Host apisandbox.whitebooks.in:443 was resolved.
* IPv6: (none)
* IPv4: 35.154.103.152, 3.108.111.128, 3.108.213.30
*   Trying 35.154.103.152:443...
* ALPN: curl offers h2,http/1.1
* SSL connection using TLSv1.3 / TLS_AES_128_GCM_SHA256 / X25519 / RSASSA-PSS
* ALPN: server accepted h2
* Server certificate:
*  subject: CN=*.whitebooks.in
*  start date: Oct 23 03:15:50 2025 GMT
*  expire date: Nov 11 11:51:13 2026 GMT
*  issuer: C=US; ST=Arizona; L=Scottsdale; O="GoDaddy.com, Inc."; OU=http://certs.godaddy.com/repository/; CN=Go Daddy Secure Certificate Authority - G2
*  SSL certificate verify result: self-signed certificate in certificate chain (19), continuing anyway.
*   Certificate level 0: Public key type RSA (2048/112 Bits/secBits), signed using sha256WithRSAEncryption
*   Certificate level 1: Public key type RSA (2048/112 Bits/secBits), signed using sha256WithRSAEncryption
*   Certificate level 2: Public key type RSA (2048/112 Bits/secBits), signed using sha256WithRSAEncryption
* Established connection to apisandbox.whitebooks.in (35.154.103.152 port 443) from 172.31.193.1 port 61361 
* using HTTP/2
* [HTTP/2] [1] OPENED stream for https://apisandbox.whitebooks.in/ewaybillapi/v1.03/ewayapi/genewaybill?email=goldmatrixsupport%40gmail.com
* [HTTP/2] [1] [:method: POST]
* [HTTP/2] [1] [:scheme: https]
* [HTTP/2] [1] [:authority: apisandbox.whitebooks.in]
* [HTTP/2] [1] [:path: /ewaybillapi/v1.03/ewayapi/genewaybill?email=goldmatrixsupport%40gmail.com]
* [HTTP/2] [1] [content-type: application/json]
* [HTTP/2] [1] [accept: */*]
* [HTTP/2] [1] [ip_address: 103.235.104.230]
* [HTTP/2] [1] [client_id: EWBS06efa043-9c63-4638-a142-0c82de5f7687]
* [HTTP/2] [1] [client_secret: EWBScb09b008-2f56-459c-b02a-6d1caf5067b9]
* [HTTP/2] [1] [gstin: 29AAGCB1286Q000]
* [HTTP/2] [1] [content-length: 877]
> POST /ewaybillapi/v1.03/ewayapi/genewaybill?email=goldmatrixsupport%40gmail.com HTTP/2
Host: apisandbox.whitebooks.in
Content-Type: application/json
Accept: */*
ip_address: 103.235.104.230
client_id: EWBS06efa043-9c63-4638-a142-0c82de5f7687
client_secret: EWBScb09b008-2f56-459c-b02a-6d1caf5067b9
gstin: 29AAGCB1286Q000
Content-Length: 877

* upload completely sent off: 877 bytes
< HTTP/2 200 
< date: Tue, 28 Apr 2026 08:50:58 GMT
< content-type: application/json
< vary: Origin
< vary: Access-Control-Request-Method
< vary: Access-Control-Request-Headers
< 
* Connection #0 to host apisandbox.whitebooks.in:443 left intact
* Host apisandbox.whitebooks.in:443 was resolved.
* IPv6: (none)
* IPv4: 35.154.103.152, 3.108.111.128, 3.108.213.30
*   Trying 35.154.103.152:443...
* ALPN: curl offers h2,http/1.1
* SSL connection using TLSv1.3 / TLS_AES_128_GCM_SHA256 / X25519 / RSASSA-PSS
* ALPN: server accepted h2
* Server certificate:
*  subject: CN=*.whitebooks.in
*  start date: Oct 23 03:15:50 2025 GMT
*  expire date: Nov 11 11:51:13 2026 GMT
*  issuer: C=US; ST=Arizona; L=Scottsdale; O="GoDaddy.com, Inc."; OU=http://certs.godaddy.com/repository/; CN=Go Daddy Secure Certificate Authority - G2
*  SSL certificate verify result: self-signed certificate in certificate chain (19), continuing anyway.
*   Certificate level 0: Public key type RSA (2048/112 Bits/secBits), signed using sha256WithRSAEncryption
*   Certificate level 1: Public key type RSA (2048/112 Bits/secBits), signed using sha256WithRSAEncryption
*   Certificate level 2: Public key type RSA (2048/112 Bits/secBits), signed using sha256WithRSAEncryption
* Established connection to apisandbox.whitebooks.in (35.154.103.152 port 443) from 172.31.193.1 port 51410 
* using HTTP/2
* [HTTP/2] [1] OPENED stream for https://apisandbox.whitebooks.in/ewaybillapi/v1.03/ewayapi/genewaybill?email=goldmatrixsupport%40gmail.com
* [HTTP/2] [1] [:method: POST]
* [HTTP/2] [1] [:scheme: https]
* [HTTP/2] [1] [:authority: apisandbox.whitebooks.in]
* [HTTP/2] [1] [:path: /ewaybillapi/v1.03/ewayapi/genewaybill?email=goldmatrixsupport%40gmail.com]
* [HTTP/2] [1] [content-type: application/json]
* [HTTP/2] [1] [accept: */*]
* [HTTP/2] [1] [ip_address: 103.235.104.230]
* [HTTP/2] [1] [client_id: EWBS06efa043-9c63-4638-a142-0c82de5f7687]
* [HTTP/2] [1] [client_secret: EWBScb09b008-2f56-459c-b02a-6d1caf5067b9]
* [HTTP/2] [1] [gstin: 29AAGCB1286Q000]
* [HTTP/2] [1] [content-length: 877]
> POST /ewaybillapi/v1.03/ewayapi/genewaybill?email=goldmatrixsupport%40gmail.com HTTP/2
Host: apisandbox.whitebooks.in
Content-Type: application/json
Accept: */*
ip_address: 103.235.104.230
client_id: EWBS06efa043-9c63-4638-a142-0c82de5f7687
client_secret: EWBScb09b008-2f56-459c-b02a-6d1caf5067b9
gstin: 29AAGCB1286Q000
Content-Length: 877

* upload completely sent off: 877 bytes
< HTTP/2 200 
< date: Tue, 28 Apr 2026 08:51:00 GMT
< content-type: application/json
< vary: Origin
< vary: Access-Control-Request-Method
< vary: Access-Control-Request-Headers
< 
* Connection #0 to host apisandbox.whitebooks.in:443 left intact
* Host apisandbox.whitebooks.in:443 was resolved.
* IPv6: 64:ff9b::36c:6f80, 64:ff9b::36c:d51e, 64:ff9b::239a:6798
* IPv4: 3.108.111.128, 3.108.213.30, 35.154.103.152
*   Trying [64:ff9b::36c:6f80]:443...
* ALPN: curl offers h2,http/1.1
* SSL connection using TLSv1.3 / TLS_AES_128_GCM_SHA256 / X25519 / RSASSA-PSS
* ALPN: server accepted h2
* Server certificate:
*  subject: CN=*.whitebooks.in
*  start date: Oct 23 03:15:50 2025 GMT
*  expire date: Nov 11 11:51:13 2026 GMT
*  issuer: C=US; ST=Arizona; L=Scottsdale; O="GoDaddy.com, Inc."; OU=http://certs.godaddy.com/repository/; CN=Go Daddy Secure Certificate Authority - G2
*  SSL certificate verify result: self-signed certificate in certificate chain (19), continuing anyway.
*   Certificate level 0: Public key type RSA (2048/112 Bits/secBits), signed using sha256WithRSAEncryption
*   Certificate level 1: Public key type RSA (2048/112 Bits/secBits), signed using sha256WithRSAEncryption
*   Certificate level 2: Public key type RSA (2048/112 Bits/secBits), signed using sha256WithRSAEncryption
* Established connection to apisandbox.whitebooks.in (64:ff9b::36c:6f80 port 443) from 2402:8100:2cca:871e:b118:97ea:cf5c:338 port 55228 
* using HTTP/2
* [HTTP/2] [1] OPENED stream for https://apisandbox.whitebooks.in/ewaybillapi/v1.03/ewayapi/genewaybill?email=goldmatrixsupport%40gmail.com
* [HTTP/2] [1] [:method: POST]
* [HTTP/2] [1] [:scheme: https]
* [HTTP/2] [1] [:authority: apisandbox.whitebooks.in]
* [HTTP/2] [1] [:path: /ewaybillapi/v1.03/ewayapi/genewaybill?email=goldmatrixsupport%40gmail.com]
* [HTTP/2] [1] [content-type: application/json]
* [HTTP/2] [1] [accept: */*]
* [HTTP/2] [1] [ip_address: 103.235.104.230]
* [HTTP/2] [1] [client_id: EWBS06efa043-9c63-4638-a142-0c82de5f7687]
* [HTTP/2] [1] [client_secret: EWBScb09b008-2f56-459c-b02a-6d1caf5067b9]
* [HTTP/2] [1] [gstin: 29AAGCB1286Q000]
* [HTTP/2] [1] [content-length: 873]
> POST /ewaybillapi/v1.03/ewayapi/genewaybill?email=goldmatrixsupport%40gmail.com HTTP/2
Host: apisandbox.whitebooks.in
Content-Type: application/json
Accept: */*
ip_address: 103.235.104.230
client_id: EWBS06efa043-9c63-4638-a142-0c82de5f7687
client_secret: EWBScb09b008-2f56-459c-b02a-6d1caf5067b9
gstin: 29AAGCB1286Q000
Content-Length: 873

* upload completely sent off: 873 bytes
< HTTP/2 200 
< date: Tue, 28 Apr 2026 09:03:40 GMT
< content-type: application/json
< vary: Origin
< vary: Access-Control-Request-Method
< vary: Access-Control-Request-Headers
< 
* Connection #0 to host apisandbox.whitebooks.in:443 left intact
* Host apisandbox.whitebooks.in:443 was resolved.
* IPv6: 64:ff9b::36c:6f80, 64:ff9b::36c:d51e, 64:ff9b::239a:6798
* IPv4: 3.108.111.128, 3.108.213.30, 35.154.103.152
*   Trying [64:ff9b::36c:6f80]:443...
* ALPN: curl offers h2,http/1.1
* SSL connection using TLSv1.3 / TLS_AES_128_GCM_SHA256 / X25519 / RSASSA-PSS
* ALPN: server accepted h2
* Server certificate:
*  subject: CN=*.whitebooks.in
*  start date: Oct 23 03:15:50 2025 GMT
*  expire date: Nov 11 11:51:13 2026 GMT
*  issuer: C=US; ST=Arizona; L=Scottsdale; O="GoDaddy.com, Inc."; OU=http://certs.godaddy.com/repository/; CN=Go Daddy Secure Certificate Authority - G2
*  SSL certificate verify result: self-signed certificate in certificate chain (19), continuing anyway.
*   Certificate level 0: Public key type RSA (2048/112 Bits/secBits), signed using sha256WithRSAEncryption
*   Certificate level 1: Public key type RSA (2048/112 Bits/secBits), signed using sha256WithRSAEncryption
*   Certificate level 2: Public key type RSA (2048/112 Bits/secBits), signed using sha256WithRSAEncryption
* Established connection to apisandbox.whitebooks.in (64:ff9b::36c:6f80 port 443) from 2402:8100:2cca:871e:b118:97ea:cf5c:338 port 57305 
* using HTTP/2
* [HTTP/2] [1] OPENED stream for https://apisandbox.whitebooks.in/ewaybillapi/v1.03/ewayapi/genewaybill?email=goldmatrixsupport%40gmail.com
* [HTTP/2] [1] [:method: POST]
* [HTTP/2] [1] [:scheme: https]
* [HTTP/2] [1] [:authority: apisandbox.whitebooks.in]
* [HTTP/2] [1] [:path: /ewaybillapi/v1.03/ewayapi/genewaybill?email=goldmatrixsupport%40gmail.com]
* [HTTP/2] [1] [content-type: application/json]
* [HTTP/2] [1] [accept: */*]
* [HTTP/2] [1] [ip_address: 103.235.104.230]
* [HTTP/2] [1] [client_id: EWBS06efa043-9c63-4638-a142-0c82de5f7687]
* [HTTP/2] [1] [client_secret: EWBScb09b008-2f56-459c-b02a-6d1caf5067b9]
* [HTTP/2] [1] [gstin: 29AAGCB1286Q000]
* [HTTP/2] [1] [content-length: 873]
> POST /ewaybillapi/v1.03/ewayapi/genewaybill?email=goldmatrixsupport%40gmail.com HTTP/2
Host: apisandbox.whitebooks.in
Content-Type: application/json
Accept: */*
ip_address: 103.235.104.230
client_id: EWBS06efa043-9c63-4638-a142-0c82de5f7687
client_secret: EWBScb09b008-2f56-459c-b02a-6d1caf5067b9
gstin: 29AAGCB1286Q000
Content-Length: 873

* upload completely sent off: 873 bytes
< HTTP/2 200 
< date: Tue, 28 Apr 2026 09:03:44 GMT
< content-type: application/json
< vary: Origin
< vary: Access-Control-Request-Method
< vary: Access-Control-Request-Headers
< 
* Connection #0 to host apisandbox.whitebooks.in:443 left intact
* Host apisandbox.whitebooks.in:443 was resolved.
* IPv6: 64:ff9b::36c:6f80, 64:ff9b::36c:d51e, 64:ff9b::239a:6798
* IPv4: 3.108.111.128, 3.108.213.30, 35.154.103.152
*   Trying [64:ff9b::36c:6f80]:443...
* ALPN: curl offers h2,http/1.1
* SSL connection using TLSv1.3 / TLS_AES_128_GCM_SHA256 / X25519 / RSASSA-PSS
* ALPN: server accepted h2
* Server certificate:
*  subject: CN=*.whitebooks.in
*  start date: Oct 23 03:15:50 2025 GMT
*  expire date: Nov 11 11:51:13 2026 GMT
*  issuer: C=US; ST=Arizona; L=Scottsdale; O="GoDaddy.com, Inc."; OU=http://certs.godaddy.com/repository/; CN=Go Daddy Secure Certificate Authority - G2
*  SSL certificate verify result: self-signed certificate in certificate chain (19), continuing anyway.
*   Certificate level 0: Public key type RSA (2048/112 Bits/secBits), signed using sha256WithRSAEncryption
*   Certificate level 1: Public key type RSA (2048/112 Bits/secBits), signed using sha256WithRSAEncryption
*   Certificate level 2: Public key type RSA (2048/112 Bits/secBits), signed using sha256WithRSAEncryption
* Established connection to apisandbox.whitebooks.in (64:ff9b::36c:6f80 port 443) from 2402:8100:2cca:871e:b118:97ea:cf5c:338 port 64343 
* using HTTP/2
* [HTTP/2] [1] OPENED stream for https://apisandbox.whitebooks.in/ewaybillapi/v1.03/ewayapi/genewaybill?email=goldmatrixsupport%40gmail.com
* [HTTP/2] [1] [:method: POST]
* [HTTP/2] [1] [:scheme: https]
* [HTTP/2] [1] [:authority: apisandbox.whitebooks.in]
* [HTTP/2] [1] [:path: /ewaybillapi/v1.03/ewayapi/genewaybill?email=goldmatrixsupport%40gmail.com]
* [HTTP/2] [1] [content-type: application/json]
* [HTTP/2] [1] [accept: */*]
* [HTTP/2] [1] [ip_address: 103.235.104.230]
* [HTTP/2] [1] [client_id: EWBS06efa043-9c63-4638-a142-0c82de5f7687]
* [HTTP/2] [1] [client_secret: EWBScb09b008-2f56-459c-b02a-6d1caf5067b9]
* [HTTP/2] [1] [gstin: 29AAGCB1286Q000]
* [HTTP/2] [1] [content-length: 873]
> POST /ewaybillapi/v1.03/ewayapi/genewaybill?email=goldmatrixsupport%40gmail.com HTTP/2
Host: apisandbox.whitebooks.in
Content-Type: application/json
Accept: */*
ip_address: 103.235.104.230
client_id: EWBS06efa043-9c63-4638-a142-0c82de5f7687
client_secret: EWBScb09b008-2f56-459c-b02a-6d1caf5067b9
gstin: 29AAGCB1286Q000
Content-Length: 873

* upload completely sent off: 873 bytes
< HTTP/2 200 
< date: Tue, 28 Apr 2026 09:03:50 GMT
< content-type: application/json
< vary: Origin
< vary: Access-Control-Request-Method
< vary: Access-Control-Request-Headers
< 
* Connection #0 to host apisandbox.whitebooks.in:443 left intact
* Host apisandbox.whitebooks.in:443 was resolved.
* IPv6: 64:ff9b::36c:6f80, 64:ff9b::36c:d51e, 64:ff9b::239a:6798
* IPv4: 3.108.111.128, 3.108.213.30, 35.154.103.152
*   Trying [64:ff9b::36c:6f80]:443...
* ALPN: curl offers h2,http/1.1
* SSL connection using TLSv1.3 / TLS_AES_128_GCM_SHA256 / X25519 / RSASSA-PSS
* ALPN: server accepted h2
* Server certificate:
*  subject: CN=*.whitebooks.in
*  start date: Oct 23 03:15:50 2025 GMT
*  expire date: Nov 11 11:51:13 2026 GMT
*  issuer: C=US; ST=Arizona; L=Scottsdale; O="GoDaddy.com, Inc."; OU=http://certs.godaddy.com/repository/; CN=Go Daddy Secure Certificate Authority - G2
*  SSL certificate verify result: self-signed certificate in certificate chain (19), continuing anyway.
*   Certificate level 0: Public key type RSA (2048/112 Bits/secBits), signed using sha256WithRSAEncryption
*   Certificate level 1: Public key type RSA (2048/112 Bits/secBits), signed using sha256WithRSAEncryption
*   Certificate level 2: Public key type RSA (2048/112 Bits/secBits), signed using sha256WithRSAEncryption
* Established connection to apisandbox.whitebooks.in (64:ff9b::36c:6f80 port 443) from 2402:8100:2cca:871e:b118:97ea:cf5c:338 port 64353 
* using HTTP/2
* [HTTP/2] [1] OPENED stream for https://apisandbox.whitebooks.in/ewaybillapi/v1.03/ewayapi/genewaybill?email=goldmatrixsupport%40gmail.com
* [HTTP/2] [1] [:method: POST]
* [HTTP/2] [1] [:scheme: https]
* [HTTP/2] [1] [:authority: apisandbox.whitebooks.in]
* [HTTP/2] [1] [:path: /ewaybillapi/v1.03/ewayapi/genewaybill?email=goldmatrixsupport%40gmail.com]
* [HTTP/2] [1] [content-type: application/json]
* [HTTP/2] [1] [accept: */*]
* [HTTP/2] [1] [ip_address: 103.235.104.230]
* [HTTP/2] [1] [client_id: EWBS06efa043-9c63-4638-a142-0c82de5f7687]
* [HTTP/2] [1] [client_secret: EWBScb09b008-2f56-459c-b02a-6d1caf5067b9]
* [HTTP/2] [1] [gstin: 29AAGCB1286Q000]
* [HTTP/2] [1] [content-length: 873]
> POST /ewaybillapi/v1.03/ewayapi/genewaybill?email=goldmatrixsupport%40gmail.com HTTP/2
Host: apisandbox.whitebooks.in
Content-Type: application/json
Accept: */*
ip_address: 103.235.104.230
client_id: EWBS06efa043-9c63-4638-a142-0c82de5f7687
client_secret: EWBScb09b008-2f56-459c-b02a-6d1caf5067b9
gstin: 29AAGCB1286Q000
Content-Length: 873

* upload completely sent off: 873 bytes
< HTTP/2 200 
< date: Tue, 28 Apr 2026 09:03:53 GMT
< content-type: application/json
< vary: Origin
< vary: Access-Control-Request-Method
< vary: Access-Control-Request-Headers
< 
* Connection #0 to host apisandbox.whitebooks.in:443 left intact
* Host apisandbox.whitebooks.in:443 was resolved.
* IPv6: 64:ff9b::239a:6798, 64:ff9b::36c:6f80, 64:ff9b::36c:d51e
* IPv4: 3.108.213.30, 35.154.103.152, 3.108.111.128
*   Trying [64:ff9b::239a:6798]:443...
* ALPN: curl offers h2,http/1.1
* SSL connection using TLSv1.3 / TLS_AES_128_GCM_SHA256 / X25519 / RSASSA-PSS
* ALPN: server accepted h2
* Server certificate:
*  subject: CN=*.whitebooks.in
*  start date: Oct 23 03:15:50 2025 GMT
*  expire date: Nov 11 11:51:13 2026 GMT
*  issuer: C=US; ST=Arizona; L=Scottsdale; O="GoDaddy.com, Inc."; OU=http://certs.godaddy.com/repository/; CN=Go Daddy Secure Certificate Authority - G2
*  SSL certificate verify result: self-signed certificate in certificate chain (19), continuing anyway.
*   Certificate level 0: Public key type RSA (2048/112 Bits/secBits), signed using sha256WithRSAEncryption
*   Certificate level 1: Public key type RSA (2048/112 Bits/secBits), signed using sha256WithRSAEncryption
*   Certificate level 2: Public key type RSA (2048/112 Bits/secBits), signed using sha256WithRSAEncryption
* Established connection to apisandbox.whitebooks.in (64:ff9b::239a:6798 port 443) from 2402:8100:2cca:871e:b118:97ea:cf5c:338 port 62775 
* using HTTP/2
* [HTTP/2] [1] OPENED stream for https://apisandbox.whitebooks.in/ewaybillapi/v1.03/ewayapi/genewaybill?email=goldmatrixsupport%40gmail.com
* [HTTP/2] [1] [:method: POST]
* [HTTP/2] [1] [:scheme: https]
* [HTTP/2] [1] [:authority: apisandbox.whitebooks.in]
* [HTTP/2] [1] [:path: /ewaybillapi/v1.03/ewayapi/genewaybill?email=goldmatrixsupport%40gmail.com]
* [HTTP/2] [1] [content-type: application/json]
* [HTTP/2] [1] [accept: */*]
* [HTTP/2] [1] [ip_address: 103.235.104.230]
* [HTTP/2] [1] [client_id: EWBS06efa043-9c63-4638-a142-0c82de5f7687]
* [HTTP/2] [1] [client_secret: EWBScb09b008-2f56-459c-b02a-6d1caf5067b9]
* [HTTP/2] [1] [gstin: 29AAGCB1286Q000]
* [HTTP/2] [1] [content-length: 873]
> POST /ewaybillapi/v1.03/ewayapi/genewaybill?email=goldmatrixsupport%40gmail.com HTTP/2
Host: apisandbox.whitebooks.in
Content-Type: application/json
Accept: */*
ip_address: 103.235.104.230
client_id: EWBS06efa043-9c63-4638-a142-0c82de5f7687
client_secret: EWBScb09b008-2f56-459c-b02a-6d1caf5067b9
gstin: 29AAGCB1286Q000
Content-Length: 873

* upload completely sent off: 873 bytes
< HTTP/2 200 
< date: Tue, 28 Apr 2026 09:05:44 GMT
< content-type: application/json
< vary: Origin
< vary: Access-Control-Request-Method
< vary: Access-Control-Request-Headers
< 
* Connection #0 to host apisandbox.whitebooks.in:443 left intact
* Host apisandbox.whitebooks.in:443 was resolved.
* IPv6: 64:ff9b::239a:6798, 64:ff9b::36c:6f80, 64:ff9b::36c:d51e
* IPv4: 3.108.213.30, 35.154.103.152, 3.108.111.128
*   Trying [64:ff9b::239a:6798]:443...
* ALPN: curl offers h2,http/1.1
* SSL connection using TLSv1.3 / TLS_AES_128_GCM_SHA256 / X25519 / RSASSA-PSS
* ALPN: server accepted h2
* Server certificate:
*  subject: CN=*.whitebooks.in
*  start date: Oct 23 03:15:50 2025 GMT
*  expire date: Nov 11 11:51:13 2026 GMT
*  issuer: C=US; ST=Arizona; L=Scottsdale; O="GoDaddy.com, Inc."; OU=http://certs.godaddy.com/repository/; CN=Go Daddy Secure Certificate Authority - G2
*  SSL certificate verify result: self-signed certificate in certificate chain (19), continuing anyway.
*   Certificate level 0: Public key type RSA (2048/112 Bits/secBits), signed using sha256WithRSAEncryption
*   Certificate level 1: Public key type RSA (2048/112 Bits/secBits), signed using sha256WithRSAEncryption
*   Certificate level 2: Public key type RSA (2048/112 Bits/secBits), signed using sha256WithRSAEncryption
* Established connection to apisandbox.whitebooks.in (64:ff9b::239a:6798 port 443) from 2402:8100:2cca:871e:b118:97ea:cf5c:338 port 61825 
* using HTTP/2
* [HTTP/2] [1] OPENED stream for https://apisandbox.whitebooks.in/ewaybillapi/v1.03/ewayapi/genewaybill?email=goldmatrixsupport%40gmail.com
* [HTTP/2] [1] [:method: POST]
* [HTTP/2] [1] [:scheme: https]
* [HTTP/2] [1] [:authority: apisandbox.whitebooks.in]
* [HTTP/2] [1] [:path: /ewaybillapi/v1.03/ewayapi/genewaybill?email=goldmatrixsupport%40gmail.com]
* [HTTP/2] [1] [content-type: application/json]
* [HTTP/2] [1] [accept: */*]
* [HTTP/2] [1] [ip_address: 103.235.104.230]
* [HTTP/2] [1] [client_id: EWBS06efa043-9c63-4638-a142-0c82de5f7687]
* [HTTP/2] [1] [client_secret: EWBScb09b008-2f56-459c-b02a-6d1caf5067b9]
* [HTTP/2] [1] [gstin: 29AAGCB1286Q000]
* [HTTP/2] [1] [content-length: 873]
> POST /ewaybillapi/v1.03/ewayapi/genewaybill?email=goldmatrixsupport%40gmail.com HTTP/2
Host: apisandbox.whitebooks.in
Content-Type: application/json
Accept: */*
ip_address: 103.235.104.230
client_id: EWBS06efa043-9c63-4638-a142-0c82de5f7687
client_secret: EWBScb09b008-2f56-459c-b02a-6d1caf5067b9
gstin: 29AAGCB1286Q000
Content-Length: 873

* upload completely sent off: 873 bytes
< HTTP/2 200 
< date: Tue, 28 Apr 2026 09:05:46 GMT
< content-type: application/json
< vary: Origin
< vary: Access-Control-Request-Method
< vary: Access-Control-Request-Headers
< 
* Connection #0 to host apisandbox.whitebooks.in:443 left intact
* Host apisandbox.whitebooks.in:443 was resolved.
* IPv6: 64:ff9b::239a:6798, 64:ff9b::36c:6f80, 64:ff9b::36c:d51e
* IPv4: 3.108.213.30, 35.154.103.152, 3.108.111.128
*   Trying [64:ff9b::239a:6798]:443...
* ALPN: curl offers h2,http/1.1
* SSL connection using TLSv1.3 / TLS_AES_128_GCM_SHA256 / X25519 / RSASSA-PSS
* ALPN: server accepted h2
* Server certificate:
*  subject: CN=*.whitebooks.in
*  start date: Oct 23 03:15:50 2025 GMT
*  expire date: Nov 11 11:51:13 2026 GMT
*  issuer: C=US; ST=Arizona; L=Scottsdale; O="GoDaddy.com, Inc."; OU=http://certs.godaddy.com/repository/; CN=Go Daddy Secure Certificate Authority - G2
*  SSL certificate verify result: self-signed certificate in certificate chain (19), continuing anyway.
*   Certificate level 0: Public key type RSA (2048/112 Bits/secBits), signed using sha256WithRSAEncryption
*   Certificate level 1: Public key type RSA (2048/112 Bits/secBits), signed using sha256WithRSAEncryption
*   Certificate level 2: Public key type RSA (2048/112 Bits/secBits), signed using sha256WithRSAEncryption
* Established connection to apisandbox.whitebooks.in (64:ff9b::239a:6798 port 443) from 2402:8100:2cca:871e:b118:97ea:cf5c:338 port 61870 
* using HTTP/2
* [HTTP/2] [1] OPENED stream for https://apisandbox.whitebooks.in/ewaybillapi/v1.03/ewayapi/genewaybill?email=goldmatrixsupport%40gmail.com
* [HTTP/2] [1] [:method: POST]
* [HTTP/2] [1] [:scheme: https]
* [HTTP/2] [1] [:authority: apisandbox.whitebooks.in]
* [HTTP/2] [1] [:path: /ewaybillapi/v1.03/ewayapi/genewaybill?email=goldmatrixsupport%40gmail.com]
* [HTTP/2] [1] [content-type: application/json]
* [HTTP/2] [1] [accept: */*]
* [HTTP/2] [1] [ip_address: 103.235.104.230]
* [HTTP/2] [1] [client_id: EWBS06efa043-9c63-4638-a142-0c82de5f7687]
* [HTTP/2] [1] [client_secret: EWBScb09b008-2f56-459c-b02a-6d1caf5067b9]
* [HTTP/2] [1] [gstin: 29AAGCB1286Q000]
* [HTTP/2] [1] [content-length: 873]
> POST /ewaybillapi/v1.03/ewayapi/genewaybill?email=goldmatrixsupport%40gmail.com HTTP/2
Host: apisandbox.whitebooks.in
Content-Type: application/json
Accept: */*
ip_address: 103.235.104.230
client_id: EWBS06efa043-9c63-4638-a142-0c82de5f7687
client_secret: EWBScb09b008-2f56-459c-b02a-6d1caf5067b9
gstin: 29AAGCB1286Q000
Content-Length: 873

* upload completely sent off: 873 bytes
< HTTP/2 200 
< date: Tue, 28 Apr 2026 09:05:53 GMT
< content-type: application/json
< vary: Origin
< vary: Access-Control-Request-Method
< vary: Access-Control-Request-Headers
< 
* Connection #0 to host apisandbox.whitebooks.in:443 left intact
* Host apisandbox.whitebooks.in:443 was resolved.
* IPv6: 64:ff9b::239a:6798, 64:ff9b::36c:6f80, 64:ff9b::36c:d51e
* IPv4: 3.108.213.30, 35.154.103.152, 3.108.111.128
*   Trying [64:ff9b::239a:6798]:443...
* ALPN: curl offers h2,http/1.1
* SSL connection using TLSv1.3 / TLS_AES_128_GCM_SHA256 / X25519 / RSASSA-PSS
* ALPN: server accepted h2
* Server certificate:
*  subject: CN=*.whitebooks.in
*  start date: Oct 23 03:15:50 2025 GMT
*  expire date: Nov 11 11:51:13 2026 GMT
*  issuer: C=US; ST=Arizona; L=Scottsdale; O="GoDaddy.com, Inc."; OU=http://certs.godaddy.com/repository/; CN=Go Daddy Secure Certificate Authority - G2
*  SSL certificate verify result: self-signed certificate in certificate chain (19), continuing anyway.
*   Certificate level 0: Public key type RSA (2048/112 Bits/secBits), signed using sha256WithRSAEncryption
*   Certificate level 1: Public key type RSA (2048/112 Bits/secBits), signed using sha256WithRSAEncryption
*   Certificate level 2: Public key type RSA (2048/112 Bits/secBits), signed using sha256WithRSAEncryption
* Established connection to apisandbox.whitebooks.in (64:ff9b::239a:6798 port 443) from 2402:8100:2cca:871e:b118:97ea:cf5c:338 port 61878 
* using HTTP/2
* [HTTP/2] [1] OPENED stream for https://apisandbox.whitebooks.in/ewaybillapi/v1.03/ewayapi/genewaybill?email=goldmatrixsupport%40gmail.com
* [HTTP/2] [1] [:method: POST]
* [HTTP/2] [1] [:scheme: https]
* [HTTP/2] [1] [:authority: apisandbox.whitebooks.in]
* [HTTP/2] [1] [:path: /ewaybillapi/v1.03/ewayapi/genewaybill?email=goldmatrixsupport%40gmail.com]
* [HTTP/2] [1] [content-type: application/json]
* [HTTP/2] [1] [accept: */*]
* [HTTP/2] [1] [ip_address: 103.235.104.230]
* [HTTP/2] [1] [client_id: EWBS06efa043-9c63-4638-a142-0c82de5f7687]
* [HTTP/2] [1] [client_secret: EWBScb09b008-2f56-459c-b02a-6d1caf5067b9]
* [HTTP/2] [1] [gstin: 29AAGCB1286Q000]
* [HTTP/2] [1] [content-length: 873]
> POST /ewaybillapi/v1.03/ewayapi/genewaybill?email=goldmatrixsupport%40gmail.com HTTP/2
Host: apisandbox.whitebooks.in
Content-Type: application/json
Accept: */*
ip_address: 103.235.104.230
client_id: EWBS06efa043-9c63-4638-a142-0c82de5f7687
client_secret: EWBScb09b008-2f56-459c-b02a-6d1caf5067b9
gstin: 29AAGCB1286Q000
Content-Length: 873

* upload completely sent off: 873 bytes
< HTTP/2 200 
< date: Tue, 28 Apr 2026 09:05:55 GMT
< content-type: application/json
< vary: Origin
< vary: Access-Control-Request-Method
< vary: Access-Control-Request-Headers
< 
* Connection #0 to host apisandbox.whitebooks.in:443 left intact
* Host apisandbox.whitebooks.in:443 was resolved.
* IPv6: 64:ff9b::36c:6f80, 64:ff9b::36c:d51e, 64:ff9b::239a:6798
* IPv4: 3.108.111.128, 35.154.103.152, 3.108.213.30
*   Trying [64:ff9b::36c:6f80]:443...
* ALPN: curl offers h2,http/1.1
* SSL connection using TLSv1.3 / TLS_AES_128_GCM_SHA256 / X25519 / RSASSA-PSS
* ALPN: server accepted h2
* Server certificate:
*  subject: CN=*.whitebooks.in
*  start date: Oct 23 03:15:50 2025 GMT
*  expire date: Nov 11 11:51:13 2026 GMT
*  issuer: C=US; ST=Arizona; L=Scottsdale; O="GoDaddy.com, Inc."; OU=http://certs.godaddy.com/repository/; CN=Go Daddy Secure Certificate Authority - G2
*  SSL certificate verify result: self-signed certificate in certificate chain (19), continuing anyway.
*   Certificate level 0: Public key type RSA (2048/112 Bits/secBits), signed using sha256WithRSAEncryption
*   Certificate level 1: Public key type RSA (2048/112 Bits/secBits), signed using sha256WithRSAEncryption
*   Certificate level 2: Public key type RSA (2048/112 Bits/secBits), signed using sha256WithRSAEncryption
* Established connection to apisandbox.whitebooks.in (64:ff9b::36c:6f80 port 443) from 2409:40c2:18:57c1:5539:8b07:ba6e:50f0 port 60144 
* using HTTP/2
* [HTTP/2] [1] OPENED stream for https://apisandbox.whitebooks.in/ewaybillapi/v1.03/ewayapi/genewaybill?email=goldmatrixsupport%40gmail.com
* [HTTP/2] [1] [:method: POST]
* [HTTP/2] [1] [:scheme: https]
* [HTTP/2] [1] [:authority: apisandbox.whitebooks.in]
* [HTTP/2] [1] [:path: /ewaybillapi/v1.03/ewayapi/genewaybill?email=goldmatrixsupport%40gmail.com]
* [HTTP/2] [1] [content-type: application/json]
* [HTTP/2] [1] [accept: */*]
* [HTTP/2] [1] [ip_address: 103.235.104.230]
* [HTTP/2] [1] [client_id: EWBS06efa043-9c63-4638-a142-0c82de5f7687]
* [HTTP/2] [1] [client_secret: EWBScb09b008-2f56-459c-b02a-6d1caf5067b9]
* [HTTP/2] [1] [gstin: 29AAGCB1286Q1Z5]
* [HTTP/2] [1] [content-length: 883]
> POST /ewaybillapi/v1.03/ewayapi/genewaybill?email=goldmatrixsupport%40gmail.com HTTP/2
Host: apisandbox.whitebooks.in
Content-Type: application/json
Accept: */*
ip_address: 103.235.104.230
client_id: EWBS06efa043-9c63-4638-a142-0c82de5f7687
client_secret: EWBScb09b008-2f56-459c-b02a-6d1caf5067b9
gstin: 29AAGCB1286Q1Z5
Content-Length: 883

* upload completely sent off: 883 bytes
< HTTP/2 200 
< date: Tue, 28 Apr 2026 09:38:20 GMT
< content-type: application/json
< vary: Origin
< vary: Access-Control-Request-Method
< vary: Access-Control-Request-Headers
< 
* Connection #0 to host apisandbox.whitebooks.in:443 left intact
* Host apisandbox.whitebooks.in:443 was resolved.
* IPv6: 64:ff9b::36c:6f80, 64:ff9b::36c:d51e, 64:ff9b::239a:6798
* IPv4: 3.108.111.128, 35.154.103.152, 3.108.213.30
*   Trying [64:ff9b::36c:6f80]:443...
* ALPN: curl offers h2,http/1.1
* SSL connection using TLSv1.3 / TLS_AES_128_GCM_SHA256 / X25519 / RSASSA-PSS
* ALPN: server accepted h2
* Server certificate:
*  subject: CN=*.whitebooks.in
*  start date: Oct 23 03:15:50 2025 GMT
*  expire date: Nov 11 11:51:13 2026 GMT
*  issuer: C=US; ST=Arizona; L=Scottsdale; O="GoDaddy.com, Inc."; OU=http://certs.godaddy.com/repository/; CN=Go Daddy Secure Certificate Authority - G2
*  SSL certificate verify result: self-signed certificate in certificate chain (19), continuing anyway.
*   Certificate level 0: Public key type RSA (2048/112 Bits/secBits), signed using sha256WithRSAEncryption
*   Certificate level 1: Public key type RSA (2048/112 Bits/secBits), signed using sha256WithRSAEncryption
*   Certificate level 2: Public key type RSA (2048/112 Bits/secBits), signed using sha256WithRSAEncryption
* Established connection to apisandbox.whitebooks.in (64:ff9b::36c:6f80 port 443) from 2409:40c2:18:57c1:5539:8b07:ba6e:50f0 port 52931 
* using HTTP/2
* [HTTP/2] [1] OPENED stream for https://apisandbox.whitebooks.in/ewaybillapi/v1.03/ewayapi/genewaybill?email=goldmatrixsupport%40gmail.com
* [HTTP/2] [1] [:method: POST]
* [HTTP/2] [1] [:scheme: https]
* [HTTP/2] [1] [:authority: apisandbox.whitebooks.in]
* [HTTP/2] [1] [:path: /ewaybillapi/v1.03/ewayapi/genewaybill?email=goldmatrixsupport%40gmail.com]
* [HTTP/2] [1] [content-type: application/json]
* [HTTP/2] [1] [accept: */*]
* [HTTP/2] [1] [ip_address: 103.235.104.230]
* [HTTP/2] [1] [client_id: EWBS06efa043-9c63-4638-a142-0c82de5f7687]
* [HTTP/2] [1] [client_secret: EWBScb09b008-2f56-459c-b02a-6d1caf5067b9]
* [HTTP/2] [1] [gstin: 29AAGCB1286Q1Z5]
* [HTTP/2] [1] [content-length: 883]
> POST /ewaybillapi/v1.03/ewayapi/genewaybill?email=goldmatrixsupport%40gmail.com HTTP/2
Host: apisandbox.whitebooks.in
Content-Type: application/json
Accept: */*
ip_address: 103.235.104.230
client_id: EWBS06efa043-9c63-4638-a142-0c82de5f7687
client_secret: EWBScb09b008-2f56-459c-b02a-6d1caf5067b9
gstin: 29AAGCB1286Q1Z5
Content-Length: 883

* upload completely sent off: 883 bytes
< HTTP/2 200 
< date: Tue, 28 Apr 2026 09:45:15 GMT
< content-type: application/json
< vary: Origin
< vary: Access-Control-Request-Method
< vary: Access-Control-Request-Headers
< 
* Connection #0 to host apisandbox.whitebooks.in:443 left intact
* Host apisandbox.whitebooks.in:443 was resolved.
* IPv6: 64:ff9b::36c:6f80, 64:ff9b::36c:d51e, 64:ff9b::239a:6798
* IPv4: 3.108.213.30, 35.154.103.152, 3.108.111.128
*   Trying [64:ff9b::36c:6f80]:443...
* ALPN: curl offers h2,http/1.1
* SSL connection using TLSv1.3 / TLS_AES_128_GCM_SHA256 / X25519 / RSASSA-PSS
* ALPN: server accepted h2
* Server certificate:
*  subject: CN=*.whitebooks.in
*  start date: Oct 23 03:15:50 2025 GMT
*  expire date: Nov 11 11:51:13 2026 GMT
*  issuer: C=US; ST=Arizona; L=Scottsdale; O="GoDaddy.com, Inc."; OU=http://certs.godaddy.com/repository/; CN=Go Daddy Secure Certificate Authority - G2
*  SSL certificate verify result: self-signed certificate in certificate chain (19), continuing anyway.
*   Certificate level 0: Public key type RSA (2048/112 Bits/secBits), signed using sha256WithRSAEncryption
*   Certificate level 1: Public key type RSA (2048/112 Bits/secBits), signed using sha256WithRSAEncryption
*   Certificate level 2: Public key type RSA (2048/112 Bits/secBits), signed using sha256WithRSAEncryption
* Established connection to apisandbox.whitebooks.in (64:ff9b::36c:6f80 port 443) from 2409:40c2:18:57c1:5539:8b07:ba6e:50f0 port 57525 
* using HTTP/2
* [HTTP/2] [1] OPENED stream for https://apisandbox.whitebooks.in/ewaybillapi/v1.03/ewayapi/genewaybill?email=goldmatrixsupport%40gmail.com
* [HTTP/2] [1] [:method: POST]
* [HTTP/2] [1] [:scheme: https]
* [HTTP/2] [1] [:authority: apisandbox.whitebooks.in]
* [HTTP/2] [1] [:path: /ewaybillapi/v1.03/ewayapi/genewaybill?email=goldmatrixsupport%40gmail.com]
* [HTTP/2] [1] [content-type: application/json]
* [HTTP/2] [1] [accept: */*]
* [HTTP/2] [1] [ip_address: 103.235.104.230]
* [HTTP/2] [1] [client_id: EWBS06efa043-9c63-4638-a142-0c82de5f7687]
* [HTTP/2] [1] [client_secret: EWBScb09b008-2f56-459c-b02a-6d1caf5067b9]
* [HTTP/2] [1] [gstin: 29AAGCB1286Q1Z5]
* [HTTP/2] [1] [content-length: 883]
> POST /ewaybillapi/v1.03/ewayapi/genewaybill?email=goldmatrixsupport%40gmail.com HTTP/2
Host: apisandbox.whitebooks.in
Content-Type: application/json
Accept: */*
ip_address: 103.235.104.230
client_id: EWBS06efa043-9c63-4638-a142-0c82de5f7687
client_secret: EWBScb09b008-2f56-459c-b02a-6d1caf5067b9
gstin: 29AAGCB1286Q1Z5
Content-Length: 883

* upload completely sent off: 883 bytes
< HTTP/2 200 
< date: Tue, 28 Apr 2026 09:50:52 GMT
< content-type: application/json
< vary: Origin
< vary: Access-Control-Request-Method
< vary: Access-Control-Request-Headers
< 
* Connection #0 to host apisandbox.whitebooks.in:443 left intact
* Could not resolve host: apisandbox.whitebooks.in
* Store negative name resolve for apisandbox.whitebooks.in:443
* shutting down connection #0
* Host apisandbox.whitebooks.in:443 was resolved.
* IPv6: 64:ff9b::36c:6f80, 64:ff9b::239a:6798, 64:ff9b::36c:d51e
* IPv4: 3.108.111.128, 3.108.213.30, 35.154.103.152
*   Trying [64:ff9b::36c:6f80]:443...
* ALPN: curl offers h2,http/1.1
* SSL connection using TLSv1.3 / TLS_AES_128_GCM_SHA256 / X25519 / RSASSA-PSS
* ALPN: server accepted h2
* Server certificate:
*  subject: CN=*.whitebooks.in
*  start date: Oct 23 03:15:50 2025 GMT
*  expire date: Nov 11 11:51:13 2026 GMT
*  issuer: C=US; ST=Arizona; L=Scottsdale; O="GoDaddy.com, Inc."; OU=http://certs.godaddy.com/repository/; CN=Go Daddy Secure Certificate Authority - G2
*  SSL certificate verify result: self-signed certificate in certificate chain (19), continuing anyway.
*   Certificate level 0: Public key type RSA (2048/112 Bits/secBits), signed using sha256WithRSAEncryption
*   Certificate level 1: Public key type RSA (2048/112 Bits/secBits), signed using sha256WithRSAEncryption
*   Certificate level 2: Public key type RSA (2048/112 Bits/secBits), signed using sha256WithRSAEncryption
* Established connection to apisandbox.whitebooks.in (64:ff9b::36c:6f80 port 443) from 2409:40c2:1:6f69:7524:64d8:88f2:d51f port 53843 
* using HTTP/2
* [HTTP/2] [1] OPENED stream for https://apisandbox.whitebooks.in/ewaybillapi/v1.03/ewayapi/genewaybill?email=goldmatrixsupport%40gmail.com
* [HTTP/2] [1] [:method: POST]
* [HTTP/2] [1] [:scheme: https]
* [HTTP/2] [1] [:authority: apisandbox.whitebooks.in]
* [HTTP/2] [1] [:path: /ewaybillapi/v1.03/ewayapi/genewaybill?email=goldmatrixsupport%40gmail.com]
* [HTTP/2] [1] [content-type: application/json]
* [HTTP/2] [1] [accept: */*]
* [HTTP/2] [1] [ip_address: 103.235.104.230]
* [HTTP/2] [1] [client_id: EWBS06efa043-9c63-4638-a142-0c82de5f7687]
* [HTTP/2] [1] [client_secret: EWBScb09b008-2f56-459c-b02a-6d1caf5067b9]
* [HTTP/2] [1] [gstin: 29AAGCB1286Q1Z5]
* [HTTP/2] [1] [content-length: 883]
> POST /ewaybillapi/v1.03/ewayapi/genewaybill?email=goldmatrixsupport%40gmail.com HTTP/2
Host: apisandbox.whitebooks.in
Content-Type: application/json
Accept: */*
ip_address: 103.235.104.230
client_id: EWBS06efa043-9c63-4638-a142-0c82de5f7687
client_secret: EWBScb09b008-2f56-459c-b02a-6d1caf5067b9
gstin: 29AAGCB1286Q1Z5
Content-Length: 883

* upload completely sent off: 883 bytes
< HTTP/2 200 
< date: Tue, 28 Apr 2026 10:02:05 GMT
< content-type: application/json
< vary: Origin
< vary: Access-Control-Request-Method
< vary: Access-Control-Request-Headers
< 
* Connection #0 to host apisandbox.whitebooks.in:443 left intact
* Host apisandbox.whitebooks.in:443 was resolved.
* IPv6: 64:ff9b::36c:6f80, 64:ff9b::239a:6798, 64:ff9b::36c:d51e
* IPv4: 3.108.111.128, 3.108.213.30, 35.154.103.152
*   Trying [64:ff9b::36c:6f80]:443...
* ALPN: curl offers h2,http/1.1
* SSL connection using TLSv1.3 / TLS_AES_128_GCM_SHA256 / X25519 / RSASSA-PSS
* ALPN: server accepted h2
* Server certificate:
*  subject: CN=*.whitebooks.in
*  start date: Oct 23 03:15:50 2025 GMT
*  expire date: Nov 11 11:51:13 2026 GMT
*  issuer: C=US; ST=Arizona; L=Scottsdale; O="GoDaddy.com, Inc."; OU=http://certs.godaddy.com/repository/; CN=Go Daddy Secure Certificate Authority - G2
*  SSL certificate verify result: self-signed certificate in certificate chain (19), continuing anyway.
*   Certificate level 0: Public key type RSA (2048/112 Bits/secBits), signed using sha256WithRSAEncryption
*   Certificate level 1: Public key type RSA (2048/112 Bits/secBits), signed using sha256WithRSAEncryption
*   Certificate level 2: Public key type RSA (2048/112 Bits/secBits), signed using sha256WithRSAEncryption
* Established connection to apisandbox.whitebooks.in (64:ff9b::36c:6f80 port 443) from 2409:40c2:1:6f69:7524:64d8:88f2:d51f port 55632 
* using HTTP/2
* [HTTP/2] [1] OPENED stream for https://apisandbox.whitebooks.in/ewaybillapi/v1.03/ewayapi/genewaybill?email=goldmatrixsupport%40gmail.com
* [HTTP/2] [1] [:method: POST]
* [HTTP/2] [1] [:scheme: https]
* [HTTP/2] [1] [:authority: apisandbox.whitebooks.in]
* [HTTP/2] [1] [:path: /ewaybillapi/v1.03/ewayapi/genewaybill?email=goldmatrixsupport%40gmail.com]
* [HTTP/2] [1] [content-type: application/json]
* [HTTP/2] [1] [accept: */*]
* [HTTP/2] [1] [ip_address: 103.235.104.230]
* [HTTP/2] [1] [client_id: EWBS06efa043-9c63-4638-a142-0c82de5f7687]
* [HTTP/2] [1] [client_secret: EWBScb09b008-2f56-459c-b02a-6d1caf5067b9]
* [HTTP/2] [1] [gstin: 29AAGCB1286Q000]
* [HTTP/2] [1] [content-length: 883]
> POST /ewaybillapi/v1.03/ewayapi/genewaybill?email=goldmatrixsupport%40gmail.com HTTP/2
Host: apisandbox.whitebooks.in
Content-Type: application/json
Accept: */*
ip_address: 103.235.104.230
client_id: EWBS06efa043-9c63-4638-a142-0c82de5f7687
client_secret: EWBScb09b008-2f56-459c-b02a-6d1caf5067b9
gstin: 29AAGCB1286Q000
Content-Length: 883

* upload completely sent off: 883 bytes
< HTTP/2 200 
< date: Tue, 28 Apr 2026 10:15:20 GMT
< content-type: application/json
< vary: Origin
< vary: Access-Control-Request-Method
< vary: Access-Control-Request-Headers
< 
* Connection #0 to host apisandbox.whitebooks.in:443 left intact
* Host apisandbox.whitebooks.in:443 was resolved.
* IPv6: 64:ff9b::36c:6f80, 64:ff9b::239a:6798, 64:ff9b::36c:d51e
* IPv4: 3.108.213.30, 35.154.103.152, 3.108.111.128
*   Trying [64:ff9b::36c:6f80]:443...
* ALPN: curl offers h2,http/1.1
* SSL connection using TLSv1.3 / TLS_AES_128_GCM_SHA256 / X25519 / RSASSA-PSS
* ALPN: server accepted h2
* Server certificate:
*  subject: CN=*.whitebooks.in
*  start date: Oct 23 03:15:50 2025 GMT
*  expire date: Nov 11 11:51:13 2026 GMT
*  issuer: C=US; ST=Arizona; L=Scottsdale; O="GoDaddy.com, Inc."; OU=http://certs.godaddy.com/repository/; CN=Go Daddy Secure Certificate Authority - G2
*  SSL certificate verify result: self-signed certificate in certificate chain (19), continuing anyway.
*   Certificate level 0: Public key type RSA (2048/112 Bits/secBits), signed using sha256WithRSAEncryption
*   Certificate level 1: Public key type RSA (2048/112 Bits/secBits), signed using sha256WithRSAEncryption
*   Certificate level 2: Public key type RSA (2048/112 Bits/secBits), signed using sha256WithRSAEncryption
* Established connection to apisandbox.whitebooks.in (64:ff9b::36c:6f80 port 443) from 2409:40c2:1:6f69:7524:64d8:88f2:d51f port 55638 
* using HTTP/2
* [HTTP/2] [1] OPENED stream for https://apisandbox.whitebooks.in/ewaybillapi/v1.03/ewayapi/genewaybill?email=goldmatrixsupport%40gmail.com
* [HTTP/2] [1] [:method: POST]
* [HTTP/2] [1] [:scheme: https]
* [HTTP/2] [1] [:authority: apisandbox.whitebooks.in]
* [HTTP/2] [1] [:path: /ewaybillapi/v1.03/ewayapi/genewaybill?email=goldmatrixsupport%40gmail.com]
* [HTTP/2] [1] [content-type: application/json]
* [HTTP/2] [1] [accept: */*]
* [HTTP/2] [1] [ip_address: 103.235.104.230]
* [HTTP/2] [1] [client_id: EWBS06efa043-9c63-4638-a142-0c82de5f7687]
* [HTTP/2] [1] [client_secret: EWBScb09b008-2f56-459c-b02a-6d1caf5067b9]
* [HTTP/2] [1] [gstin: 29AAGCB1286Q000]
* [HTTP/2] [1] [content-length: 883]
> POST /ewaybillapi/v1.03/ewayapi/genewaybill?email=goldmatrixsupport%40gmail.com HTTP/2
Host: apisandbox.whitebooks.in
Content-Type: application/json
Accept: */*
ip_address: 103.235.104.230
client_id: EWBS06efa043-9c63-4638-a142-0c82de5f7687
client_secret: EWBScb09b008-2f56-459c-b02a-6d1caf5067b9
gstin: 29AAGCB1286Q000
Content-Length: 883

* upload completely sent off: 883 bytes
< HTTP/2 200 
< date: Tue, 28 Apr 2026 10:15:22 GMT
< content-type: application/json
< vary: Origin
< vary: Access-Control-Request-Method
< vary: Access-Control-Request-Headers
< 
* Connection #0 to host apisandbox.whitebooks.in:443 left intact
* Host apisandbox.whitebooks.in:443 was resolved.
* IPv6: 64:ff9b::36c:6f80, 64:ff9b::239a:6798, 64:ff9b::36c:d51e
* IPv4: 35.154.103.152, 3.108.213.30, 3.108.111.128
*   Trying [64:ff9b::36c:6f80]:443...
* ALPN: curl offers h2,http/1.1
* SSL connection using TLSv1.3 / TLS_AES_128_GCM_SHA256 / X25519 / RSASSA-PSS
* ALPN: server accepted h2
* Server certificate:
*  subject: CN=*.whitebooks.in
*  start date: Oct 23 03:15:50 2025 GMT
*  expire date: Nov 11 11:51:13 2026 GMT
*  issuer: C=US; ST=Arizona; L=Scottsdale; O="GoDaddy.com, Inc."; OU=http://certs.godaddy.com/repository/; CN=Go Daddy Secure Certificate Authority - G2
*  SSL certificate verify result: self-signed certificate in certificate chain (19), continuing anyway.
*   Certificate level 0: Public key type RSA (2048/112 Bits/secBits), signed using sha256WithRSAEncryption
*   Certificate level 1: Public key type RSA (2048/112 Bits/secBits), signed using sha256WithRSAEncryption
*   Certificate level 2: Public key type RSA (2048/112 Bits/secBits), signed using sha256WithRSAEncryption
* Established connection to apisandbox.whitebooks.in (64:ff9b::36c:6f80 port 443) from 2409:40c2:1:6f69:7524:64d8:88f2:d51f port 63549 
* using HTTP/2
* [HTTP/2] [1] OPENED stream for https://apisandbox.whitebooks.in/ewaybillapi/v1.03/ewayapi/genewaybill?email=goldmatrixsupport%40gmail.com
* [HTTP/2] [1] [:method: POST]
* [HTTP/2] [1] [:scheme: https]
* [HTTP/2] [1] [:authority: apisandbox.whitebooks.in]
* [HTTP/2] [1] [:path: /ewaybillapi/v1.03/ewayapi/genewaybill?email=goldmatrixsupport%40gmail.com]
* [HTTP/2] [1] [content-type: application/json]
* [HTTP/2] [1] [accept: */*]
* [HTTP/2] [1] [ip_address: 0.0.0.0]
* [HTTP/2] [1] [client_id: EWBS06efa043-9c63-4638-a142-0c82de5f7687]
* [HTTP/2] [1] [client_secret: EWBScb09b008-2f56-459c-b02a-6d1caf5067b9]
* [HTTP/2] [1] [gstin: 29AAGCB1286Q000]
* [HTTP/2] [1] [content-length: 883]
> POST /ewaybillapi/v1.03/ewayapi/genewaybill?email=goldmatrixsupport%40gmail.com HTTP/2
Host: apisandbox.whitebooks.in
Content-Type: application/json
Accept: */*
ip_address: 0.0.0.0
client_id: EWBS06efa043-9c63-4638-a142-0c82de5f7687
client_secret: EWBScb09b008-2f56-459c-b02a-6d1caf5067b9
gstin: 29AAGCB1286Q000
Content-Length: 883

* upload completely sent off: 883 bytes
< HTTP/2 200 
< date: Tue, 28 Apr 2026 10:20:03 GMT
< content-type: application/json
< vary: Origin
< vary: Access-Control-Request-Method
< vary: Access-Control-Request-Headers
< 
* Connection #0 to host apisandbox.whitebooks.in:443 left intact
* Host apisandbox.whitebooks.in:443 was resolved.
* IPv6: 64:ff9b::36c:6f80, 64:ff9b::239a:6798, 64:ff9b::36c:d51e
* IPv4: 35.154.103.152, 3.108.213.30, 3.108.111.128
*   Trying [64:ff9b::36c:6f80]:443...
* ALPN: curl offers h2,http/1.1
* SSL connection using TLSv1.3 / TLS_AES_128_GCM_SHA256 / X25519 / RSASSA-PSS
* ALPN: server accepted h2
* Server certificate:
*  subject: CN=*.whitebooks.in
*  start date: Oct 23 03:15:50 2025 GMT
*  expire date: Nov 11 11:51:13 2026 GMT
*  issuer: C=US; ST=Arizona; L=Scottsdale; O="GoDaddy.com, Inc."; OU=http://certs.godaddy.com/repository/; CN=Go Daddy Secure Certificate Authority - G2
*  SSL certificate verify result: self-signed certificate in certificate chain (19), continuing anyway.
*   Certificate level 0: Public key type RSA (2048/112 Bits/secBits), signed using sha256WithRSAEncryption
*   Certificate level 1: Public key type RSA (2048/112 Bits/secBits), signed using sha256WithRSAEncryption
*   Certificate level 2: Public key type RSA (2048/112 Bits/secBits), signed using sha256WithRSAEncryption
* Established connection to apisandbox.whitebooks.in (64:ff9b::36c:6f80 port 443) from 2409:40c2:1:6f69:7524:64d8:88f2:d51f port 63555 
* using HTTP/2
* [HTTP/2] [1] OPENED stream for https://apisandbox.whitebooks.in/ewaybillapi/v1.03/ewayapi/genewaybill?email=goldmatrixsupport%40gmail.com
* [HTTP/2] [1] [:method: POST]
* [HTTP/2] [1] [:scheme: https]
* [HTTP/2] [1] [:authority: apisandbox.whitebooks.in]
* [HTTP/2] [1] [:path: /ewaybillapi/v1.03/ewayapi/genewaybill?email=goldmatrixsupport%40gmail.com]
* [HTTP/2] [1] [content-type: application/json]
* [HTTP/2] [1] [accept: */*]
* [HTTP/2] [1] [ip_address: 0.0.0.0]
* [HTTP/2] [1] [client_id: EWBS06efa043-9c63-4638-a142-0c82de5f7687]
* [HTTP/2] [1] [client_secret: EWBScb09b008-2f56-459c-b02a-6d1caf5067b9]
* [HTTP/2] [1] [gstin: 29AAGCB1286Q000]
* [HTTP/2] [1] [content-length: 883]
> POST /ewaybillapi/v1.03/ewayapi/genewaybill?email=goldmatrixsupport%40gmail.com HTTP/2
Host: apisandbox.whitebooks.in
Content-Type: application/json
Accept: */*
ip_address: 0.0.0.0
client_id: EWBS06efa043-9c63-4638-a142-0c82de5f7687
client_secret: EWBScb09b008-2f56-459c-b02a-6d1caf5067b9
gstin: 29AAGCB1286Q000
Content-Length: 883

* upload completely sent off: 883 bytes
< HTTP/2 200 
< date: Tue, 28 Apr 2026 10:20:05 GMT
< content-type: application/json
< vary: Origin
< vary: Access-Control-Request-Method
< vary: Access-Control-Request-Headers
< 
* Connection #0 to host apisandbox.whitebooks.in:443 left intact
* Host apisandbox.whitebooks.in:443 was resolved.
* IPv6: 64:ff9b::239a:6798, 64:ff9b::36c:d51e, 64:ff9b::36c:6f80
* IPv4: 3.108.213.30, 3.108.111.128, 35.154.103.152
*   Trying [64:ff9b::239a:6798]:443...
* ALPN: curl offers h2,http/1.1
* SSL connection using TLSv1.3 / TLS_AES_128_GCM_SHA256 / X25519 / RSASSA-PSS
* ALPN: server accepted h2
* Server certificate:
*  subject: CN=*.whitebooks.in
*  start date: Oct 23 03:15:50 2025 GMT
*  expire date: Nov 11 11:51:13 2026 GMT
*  issuer: C=US; ST=Arizona; L=Scottsdale; O="GoDaddy.com, Inc."; OU=http://certs.godaddy.com/repository/; CN=Go Daddy Secure Certificate Authority - G2
*  SSL certificate verify result: self-signed certificate in certificate chain (19), continuing anyway.
*   Certificate level 0: Public key type RSA (2048/112 Bits/secBits), signed using sha256WithRSAEncryption
*   Certificate level 1: Public key type RSA (2048/112 Bits/secBits), signed using sha256WithRSAEncryption
*   Certificate level 2: Public key type RSA (2048/112 Bits/secBits), signed using sha256WithRSAEncryption
* Established connection to apisandbox.whitebooks.in (64:ff9b::239a:6798 port 443) from 2409:40c2:1:6f69:7524:64d8:88f2:d51f port 65107 
* using HTTP/2
* [HTTP/2] [1] OPENED stream for https://apisandbox.whitebooks.in/ewaybillapi/v1.03/ewayapi/genewaybill?email=goldmatrixsupport%40gmail.com
* [HTTP/2] [1] [:method: POST]
* [HTTP/2] [1] [:scheme: https]
* [HTTP/2] [1] [:authority: apisandbox.whitebooks.in]
* [HTTP/2] [1] [:path: /ewaybillapi/v1.03/ewayapi/genewaybill?email=goldmatrixsupport%40gmail.com]
* [HTTP/2] [1] [content-type: application/json]
* [HTTP/2] [1] [accept: */*]
* [HTTP/2] [1] [ip_address: 0.0.0.0]
* [HTTP/2] [1] [client_id: EWBS06efa043-9c63-4638-a142-0c82de5f7687]
* [HTTP/2] [1] [client_secret: EWBScb09b008-2f56-459c-b02a-6d1caf5067b9]
* [HTTP/2] [1] [gstin: 29AAGCB1286Q000]
* [HTTP/2] [1] [content-length: 845]
> POST /ewaybillapi/v1.03/ewayapi/genewaybill?email=goldmatrixsupport%40gmail.com HTTP/2
Host: apisandbox.whitebooks.in
Content-Type: application/json
Accept: */*
ip_address: 0.0.0.0
client_id: EWBS06efa043-9c63-4638-a142-0c82de5f7687
client_secret: EWBScb09b008-2f56-459c-b02a-6d1caf5067b9
gstin: 29AAGCB1286Q000
Content-Length: 845

* upload completely sent off: 845 bytes
< HTTP/2 200 
< date: Tue, 28 Apr 2026 10:34:37 GMT
< content-type: application/json
< vary: Origin
< vary: Access-Control-Request-Method
< vary: Access-Control-Request-Headers
< 
* Connection #0 to host apisandbox.whitebooks.in:443 left intact
* Host apisandbox.whitebooks.in:443 was resolved.
* IPv6: (none)
* IPv4: 3.108.213.30, 3.108.111.128, 35.154.103.152
*   Trying 3.108.213.30:443...
* ALPN: curl offers h2,http/1.1
* SSL connection using TLSv1.3 / TLS_AES_128_GCM_SHA256 / X25519 / RSASSA-PSS
* ALPN: server accepted h2
* Server certificate:
*  subject: CN=*.whitebooks.in
*  start date: Oct 23 03:15:50 2025 GMT
*  expire date: Nov 11 11:51:13 2026 GMT
*  issuer: C=US; ST=Arizona; L=Scottsdale; O="GoDaddy.com, Inc."; OU=http://certs.godaddy.com/repository/; CN=Go Daddy Secure Certificate Authority - G2
*  SSL certificate verify result: self-signed certificate in certificate chain (19), continuing anyway.
*   Certificate level 0: Public key type RSA (2048/112 Bits/secBits), signed using sha256WithRSAEncryption
*   Certificate level 1: Public key type RSA (2048/112 Bits/secBits), signed using sha256WithRSAEncryption
*   Certificate level 2: Public key type RSA (2048/112 Bits/secBits), signed using sha256WithRSAEncryption
* Established connection to apisandbox.whitebooks.in (3.108.213.30 port 443) from 192.168.31.22 port 59589 
* using HTTP/2
* [HTTP/2] [1] OPENED stream for https://apisandbox.whitebooks.in/ewaybillapi/v1.03/ewayapi/genewaybill?email=goldmatrixsupport%40gmail.com
* [HTTP/2] [1] [:method: POST]
* [HTTP/2] [1] [:scheme: https]
* [HTTP/2] [1] [:authority: apisandbox.whitebooks.in]
* [HTTP/2] [1] [:path: /ewaybillapi/v1.03/ewayapi/genewaybill?email=goldmatrixsupport%40gmail.com]
* [HTTP/2] [1] [content-type: application/json]
* [HTTP/2] [1] [accept: */*]
* [HTTP/2] [1] [ip_address: 0.0.0.0]
* [HTTP/2] [1] [client_id: EWBS06efa043-9c63-4638-a142-0c82de5f7687]
* [HTTP/2] [1] [client_secret: EWBScb09b008-2f56-459c-b02a-6d1caf5067b9]
* [HTTP/2] [1] [gstin: 29AAGCB1286Q000]
* [HTTP/2] [1] [content-length: 845]
> POST /ewaybillapi/v1.03/ewayapi/genewaybill?email=goldmatrixsupport%40gmail.com HTTP/2
Host: apisandbox.whitebooks.in
Content-Type: application/json
Accept: */*
ip_address: 0.0.0.0
client_id: EWBS06efa043-9c63-4638-a142-0c82de5f7687
client_secret: EWBScb09b008-2f56-459c-b02a-6d1caf5067b9
gstin: 29AAGCB1286Q000
Content-Length: 845

* upload completely sent off: 845 bytes
< HTTP/2 200 
< date: Tue, 28 Apr 2026 12:35:37 GMT
< content-type: application/json
< vary: Origin
< vary: Access-Control-Request-Method
< vary: Access-Control-Request-Headers
< 
* Connection #0 to host apisandbox.whitebooks.in:443 left intact
* Host apisandbox.whitebooks.in:443 was resolved.
* IPv6: (none)
* IPv4: 3.108.111.128, 3.108.213.30, 35.154.103.152
*   Trying 3.108.111.128:443...
* ALPN: curl offers h2,http/1.1
* SSL connection using TLSv1.3 / TLS_AES_128_GCM_SHA256 / X25519 / RSASSA-PSS
* ALPN: server accepted h2
* Server certificate:
*  subject: CN=*.whitebooks.in
*  start date: Oct 23 03:15:50 2025 GMT
*  expire date: Nov 11 11:51:13 2026 GMT
*  issuer: C=US; ST=Arizona; L=Scottsdale; O="GoDaddy.com, Inc."; OU=http://certs.godaddy.com/repository/; CN=Go Daddy Secure Certificate Authority - G2
*  SSL certificate verify result: self-signed certificate in certificate chain (19), continuing anyway.
*   Certificate level 0: Public key type RSA (2048/112 Bits/secBits), signed using sha256WithRSAEncryption
*   Certificate level 1: Public key type RSA (2048/112 Bits/secBits), signed using sha256WithRSAEncryption
*   Certificate level 2: Public key type RSA (2048/112 Bits/secBits), signed using sha256WithRSAEncryption
* Established connection to apisandbox.whitebooks.in (3.108.111.128 port 443) from 192.168.31.22 port 58699 
* using HTTP/2
* [HTTP/2] [1] OPENED stream for https://apisandbox.whitebooks.in/ewaybillapi/v1.03/ewayapi/genewaybill?email=goldmatrixsupport%40gmail.com
* [HTTP/2] [1] [:method: POST]
* [HTTP/2] [1] [:scheme: https]
* [HTTP/2] [1] [:authority: apisandbox.whitebooks.in]
* [HTTP/2] [1] [:path: /ewaybillapi/v1.03/ewayapi/genewaybill?email=goldmatrixsupport%40gmail.com]
* [HTTP/2] [1] [content-type: application/json]
* [HTTP/2] [1] [accept: */*]
* [HTTP/2] [1] [ip_address: 0.0.0.0]
* [HTTP/2] [1] [client_id: EWBS06efa043-9c63-4638-a142-0c82de5f7687]
* [HTTP/2] [1] [client_secret: EWBScb09b008-2f56-459c-b02a-6d1caf5067b9]
* [HTTP/2] [1] [gstin: 29AAGCB1286Q000]
* [HTTP/2] [1] [content-length: 845]
> POST /ewaybillapi/v1.03/ewayapi/genewaybill?email=goldmatrixsupport%40gmail.com HTTP/2
Host: apisandbox.whitebooks.in
Content-Type: application/json
Accept: */*
ip_address: 0.0.0.0
client_id: EWBS06efa043-9c63-4638-a142-0c82de5f7687
client_secret: EWBScb09b008-2f56-459c-b02a-6d1caf5067b9
gstin: 29AAGCB1286Q000
Content-Length: 845

* upload completely sent off: 845 bytes
< HTTP/2 200 
< date: Thu, 30 Apr 2026 18:26:18 GMT
< content-type: application/json
< vary: Origin
< vary: Access-Control-Request-Method
< vary: Access-Control-Request-Headers
< 
* Connection #0 to host apisandbox.whitebooks.in:443 left intact
*   Trying 13.206.161.127:443...
* Connected to apisandbox.whitebooks.in (13.206.161.127) port 443 (#0)
* ALPN, offering h2
* ALPN, offering http/1.1
*  CAfile: /etc/pki/tls/certs/ca-bundle.crt
* SSL connection using TLSv1.3 / TLS_AES_128_GCM_SHA256
* ALPN, server accepted to use h2
* Server certificate:
*  subject: CN=*.whitebooks.in
*  start date: Oct 23 03:15:50 2025 GMT
*  expire date: Nov 11 11:51:13 2026 GMT
*  issuer: C=US; ST=Arizona; L=Scottsdale; O=GoDaddy.com, Inc.; OU=http://certs.godaddy.com/repository/; CN=Go Daddy Secure Certificate Authority - G2
*  SSL certificate verify ok.
* Using HTTP2, server supports multi-use
* Connection state changed (HTTP/2 confirmed)
* Copying HTTP/2 data in stream buffer to connection buffer after upgrade: len=0
* Using Stream ID: 1 (easy handle 0x181edf0)
> POST /ewaybillapi/v1.03/ewayapi/genewaybill?email=goldmatrixsupport%40gmail.com HTTP/2
Host: apisandbox.whitebooks.in
content-type: application/json
accept: */*
ip_address: 0.0.0.0
client_id: EWBS06efa043-9c63-4638-a142-0c82de5f7687
client_secret: EWBScb09b008-2f56-459c-b02a-6d1caf5067b9
gstin: 29AAGCB1286Q000
content-length: 834

* We are completely uploaded and fine
* Connection state changed (MAX_CONCURRENT_STREAMS == 128)!
< HTTP/2 200 
< date: Wed, 05 Aug 2026 05:46:55 GMT
< content-type: application/json
< txn: a42b38e856e941d7b6202ff747e48ee3
< vary: Origin
< vary: Access-Control-Request-Method
< vary: Access-Control-Request-Headers
< 
* Connection #0 to host apisandbox.whitebooks.in left intact
* Host apisandbox.whitebooks.in:443 was resolved.
* IPv6: (none)
* IPv4: 65.2.230.9, 13.206.0.54, 15.206.33.195
*   Trying 65.2.230.9:443...
* ALPN: curl offers h2,http/1.1
* SSL connection using TLSv1.3 / TLS_AES_128_GCM_SHA256 / X25519 / RSASSA-PSS
* ALPN: server accepted h2
* Server certificate:
*  subject: CN=*.whitebooks.in
*  start date: Oct 23 03:15:50 2025 GMT
*  expire date: Nov 11 11:51:13 2026 GMT
*  issuer: C=US; ST=Arizona; L=Scottsdale; O="GoDaddy.com, Inc."; OU=http://certs.godaddy.com/repository/; CN=Go Daddy Secure Certificate Authority - G2
*  SSL certificate verify result: self-signed certificate in certificate chain (19), continuing anyway.
*   Certificate level 0: Public key type RSA (2048/112 Bits/secBits), signed using sha256WithRSAEncryption
*   Certificate level 1: Public key type RSA (2048/112 Bits/secBits), signed using sha256WithRSAEncryption
*   Certificate level 2: Public key type RSA (2048/112 Bits/secBits), signed using sha256WithRSAEncryption
* Established connection to apisandbox.whitebooks.in (65.2.230.9 port 443) from 192.168.31.83 port 49954 
* using HTTP/2
* [HTTP/2] [1] OPENED stream for https://apisandbox.whitebooks.in/ewaybillapi/v1.03/ewayapi/genewaybill?email=goldmatrixsupport%40gmail.com
* [HTTP/2] [1] [:method: POST]
* [HTTP/2] [1] [:scheme: https]
* [HTTP/2] [1] [:authority: apisandbox.whitebooks.in]
* [HTTP/2] [1] [:path: /ewaybillapi/v1.03/ewayapi/genewaybill?email=goldmatrixsupport%40gmail.com]
* [HTTP/2] [1] [content-type: application/json]
* [HTTP/2] [1] [accept: */*]
* [HTTP/2] [1] [ip_address: 0.0.0.0]
* [HTTP/2] [1] [client_id: EWBS06efa043-9c63-4638-a142-0c82de5f7687]
* [HTTP/2] [1] [client_secret: EWBScb09b008-2f56-459c-b02a-6d1caf5067b9]
* [HTTP/2] [1] [gstin: 29AAGCB1286Q000]
* [HTTP/2] [1] [content-length: 892]
> POST /ewaybillapi/v1.03/ewayapi/genewaybill?email=goldmatrixsupport%40gmail.com HTTP/2
Host: apisandbox.whitebooks.in
Content-Type: application/json
Accept: */*
ip_address: 0.0.0.0
client_id: EWBS06efa043-9c63-4638-a142-0c82de5f7687
client_secret: EWBScb09b008-2f56-459c-b02a-6d1caf5067b9
gstin: 29AAGCB1286Q000
Content-Length: 892

* upload completely sent off: 892 bytes
< HTTP/2 200 
< date: Mon, 17 Aug 2026 18:13:10 GMT
< content-type: application/json
< txn: f6d82fcff53a40eeaeb637960a23d5a9
< vary: Origin
< vary: Access-Control-Request-Method
< vary: Access-Control-Request-Headers
< 
* Connection #0 to host apisandbox.whitebooks.in:443 left intact
